Archive member included to satisfy reference by file (symbol)

C:\devkitPro/libogc/lib/wii\libwiiuse.a(wpad.o)
                              main.o (WPAD_Init)
C:\devkitPro/libogc/lib/wii\libwiiuse.a(motion_plus.o)
                              C:\devkitPro/libogc/lib/wii\libwiiuse.a(wpad.o) (wiiuse_set_motion_plus)
C:\devkitPro/libogc/lib/wii\libwiiuse.a(dynamics.o)
                              C:\devkitPro/libogc/lib/wii\libwiiuse.a(wpad.o) (calculate_gforce)
C:\devkitPro/libogc/lib/wii\libwiiuse.a(io.o)
                              C:\devkitPro/libogc/lib/wii\libwiiuse.a(motion_plus.o) (wiiuse_disable_expansion)
C:\devkitPro/libogc/lib/wii\libwiiuse.a(io_wii.o)
                              C:\devkitPro/libogc/lib/wii\libwiiuse.a(wpad.o) (__wiiuse_sensorbar_enable)
C:\devkitPro/libogc/lib/wii\libwiiuse.a(ir.o)
                              C:\devkitPro/libogc/lib/wii\libwiiuse.a(motion_plus.o) (wiiuse_set_ir_mode)
C:\devkitPro/libogc/lib/wii\libwiiuse.a(nunchuk.o)
                              C:\devkitPro/libogc/lib/wii\libwiiuse.a(io.o) (nunchuk_handshake)
C:\devkitPro/libogc/lib/wii\libwiiuse.a(wiiboard.o)
                              C:\devkitPro/libogc/lib/wii\libwiiuse.a(io.o) (wii_board_handshake)
C:\devkitPro/libogc/lib/wii\libwiiuse.a(wiiuse.o)
                              C:\devkitPro/libogc/lib/wii\libwiiuse.a(wpad.o) (wiiuse_init)
C:\devkitPro/libogc/lib/wii\libwiiuse.a(speaker.o)
                              C:\devkitPro/libogc/lib/wii\libwiiuse.a(wpad.o) (wencdata)
C:\devkitPro/libogc/lib/wii\libwiiuse.a(classic.o)
                              C:\devkitPro/libogc/lib/wii\libwiiuse.a(io.o) (classic_ctrl_handshake)
C:\devkitPro/libogc/lib/wii\libwiiuse.a(events.o)
                              C:\devkitPro/libogc/lib/wii\libwiiuse.a(io_wii.o) (parse_event)
C:\devkitPro/libogc/lib/wii\libwiiuse.a(guitar_hero_3.o)
                              C:\devkitPro/libogc/lib/wii\libwiiuse.a(io.o) (guitar_hero_3_handshake)
C:\devkitPro/libogc/lib/wii\libbte.a(bte.o)
                              C:\devkitPro/libogc/lib/wii\libwiiuse.a(wpad.o) (BTE_Init)
C:\devkitPro/libogc/lib/wii\libbte.a(hci.o)
                              C:\devkitPro/libogc/lib/wii\libbte.a(bte.o) (hci_init)
C:\devkitPro/libogc/lib/wii\libbte.a(l2cap.o)
                              C:\devkitPro/libogc/lib/wii\libbte.a(bte.o) (l2cap_init)
C:\devkitPro/libogc/lib/wii\libbte.a(btmemb.o)
                              C:\devkitPro/libogc/lib/wii\libbte.a(bte.o) (btmemb_init)
C:\devkitPro/libogc/lib/wii\libbte.a(btmemr.o)
                              C:\devkitPro/libogc/lib/wii\libbte.a(hci.o) (btmemr_init)
C:\devkitPro/libogc/lib/wii\libbte.a(btpbuf.o)
                              C:\devkitPro/libogc/lib/wii\libbte.a(hci.o) (btpbuf_init)
C:\devkitPro/libogc/lib/wii\libbte.a(physbusif.o)
                              C:\devkitPro/libogc/lib/wii\libbte.a(bte.o) (physbusif_init)
C:\devkitPro/libogc/lib/wii\libogc.a(lwp_queue.o)
                              C:\devkitPro/libogc/lib/wii\libwiiuse.a(io_wii.o) (__lwp_queue_initialize)
C:\devkitPro/libogc/lib/wii\libogc.a(lwp_threads.o)
                              C:\devkitPro/libogc/lib/wii\libwiiuse.a(wpad.o) (_thread_dispatch_disable_level)
C:\devkitPro/libogc/lib/wii\libogc.a(lwp.o)
                              C:\devkitPro/libogc/lib/wii\libbte.a(bte.o) (LWP_InitQueue)
C:\devkitPro/libogc/lib/wii\libogc.a(lwp_handler.o)
                              C:\devkitPro/libogc/lib/wii\libogc.a(lwp_threads.o) (_cpu_context_save_fp)
C:\devkitPro/libogc/lib/wii\libogc.a(lwp_stack.o)
                              C:\devkitPro/libogc/lib/wii\libogc.a(lwp_threads.o) (__lwp_stack_allocate)
C:\devkitPro/libogc/lib/wii\libogc.a(lwp_watchdog.o)
                              C:\devkitPro/libogc/lib/wii\libogc.a(lwp_threads.o) (_wd_ticks_queue)
C:\devkitPro/libogc/lib/wii\libogc.a(lwp_wkspace.o)
                              C:\devkitPro/libogc/lib/wii\libwiiuse.a(motion_plus.o) (__wkspace_heap)
C:\devkitPro/libogc/lib/wii\libogc.a(lwp_objmgr.o)
                              C:\devkitPro/libogc/lib/wii\libogc.a(lwp.o) (__lwp_objmgr_initinfo)
C:\devkitPro/libogc/lib/wii\libogc.a(lwp_heap.o)
                              C:\devkitPro/libogc/lib/wii\libogc.a(lwp_wkspace.o) (__lwp_heap_init)
C:\devkitPro/libogc/lib/wii\libogc.a(sys_state.o)
                              C:\devkitPro/libogc/lib/wii\libogc.a(lwp_threads.o) (_sys_state_curr)
C:\devkitPro/libogc/lib/wii\libogc.a(irq.o)
                              C:\devkitPro/libogc/lib/wii\libwiiuse.a(io_wii.o) (IRQ_Disable)
C:\devkitPro/libogc/lib/wii\libogc.a(video.o)
                              main.o (VIDEO_WaitVSync)
C:\devkitPro/libogc/lib/wii\libogc.a(system.o)
                              C:\devkitPro/libogc/lib/wii\libwiiuse.a(wpad.o) (__SYS_DoPowerCB)
C:\devkitPro/libogc/lib/wii\libogc.a(system_asm.o)
[...]
Memory Configuration

Name             Origin             Length             Attributes
*default*        0x00000000         0xffffffff

Linker script and memory map

                0x00003400                        . = 0x3400

.stub
 *(.stub)
                0x80004000                        . = 0x80004000

.init           0x80004000      0x194
 *crt0.o(*.init)
 .init          0x80004000      0x170 C:\devkitPro/libogc/lib/wii\libogc.a(ogc_crt0.o)
                0x80004000                _start
                0x80004140                _memset
 *(.init)
 .init          0x80004170        0xc C:/devkitPro/devkitPPC/bin/../lib/gcc/powerpc-eabi/15.1.0/ecrti.o
                0x80004170                __init
 .init          0x8000417c        0x4 C:/devkitPro/devkitPPC/bin/../lib/gcc/powerpc-eabi/15.1.0/crtbegin.o
 .init          0x80004180        0x4 C:/devkitPro/devkitPPC/bin/../lib/gcc/powerpc-eabi/15.1.0/crtend.o
 .init          0x80004184       0x10 C:/devkitPro/devkitPPC/bin/../lib/gcc/powerpc-eabi/15.1.0/ecrtn.o

.rela.dyn       0x80004194        0x0
 .rela.iplt     0x80004194        0x0 C:/devkitPro/devkitPPC/bin/../lib/gcc/powerpc-eabi/15.1.0/crtbegin.o

.plt
 *(.plt)

.interp
 *(.interp)

.hash
 *(.hash)

.dynsym
 *(.dynsym)

.dynstr
 *(.dynstr)

.gnu.version
 *(.gnu.version)

.gnu.version_d
 *(.gnu.version_d)

.gnu.version_r
 *(.gnu.version_r)

.rel.init
 *(.rel.init)

.rela.init
 *(.rela.init)

.rel.text
 *(.rel.text .rel.text.* .rel.gnu.linkonce.t.*)

.rela.text      0x80004194        0x0
 *(.rela.text .rela.text.* .rela.gnu.linkonce.t.*)
 .rela.text.__do_global_dtors_aux
                0x80004194        0x0 C:/devkitPro/devkitPPC/bin/../lib/gcc/powerpc-eabi/15.1.0/crtbegin.o
 .rela.text.frame_dummy
                0x80004194        0x0 C:/devkitPro/devkitPPC/bin/../lib/gcc/powerpc-eabi/15.1.0/crtbegin.o
 .rela.text.unlikely.abort
                0x80004194        0x0 C:/devkitPro/devkitPPC/bin/../lib/gcc/powerpc-eabi/15.1.0/crtbegin.o
 .rela.text.__assert_func
                0x80004194        0x0 C:/devkitPro/devkitPPC/bin/../lib/gcc/powerpc-eabi/15.1.0/crtbegin.o

.rel.fini
 *(.rel.fini)

.rela.fini
 *(.rela.fini)

.rel.rodata
 *(.rel.rodata .rel.rodata.* .rel.gnu.linkonce.r.*)

.rela.rodata
 *(.rela.rodata .rela.rodata.* .rela.gnu.linkonce.r.*)

.rel.data
 *(.rel.data .rel.data.* .rel.gnu.linkonce.d.*)

.rela.data
 *(.rela.data .rela.data.* .rela.gnu.linkonce.d.*)

.rel.tdata
 *(.rel.tdata .rel.tdata.* .rel.gnu.linkonce.td.*)

.rela.tdata
 *(.rela.tdata .rela.tdata.* .rela.gnu.linkonce.td.*)

.rel.tbss
 *(.rel.tbss .rel.tbss.* .rel.gnu.linkonce.tb.*)

.rela.tbss
 *(.rela.tbss .rela.tbss.* .rela.gnu.linkonce.tb.*)

.rel.ctors
 *(.rel.ctors)

.rela.ctors
 *(.rela.ctors)

.rel.dtors
 *(.rel.dtors)

.rela.dtors
 *(.rela.dtors)

.rel.got
 *(.rel.got)

.rela.got
 *(.rela.got)

.rela.got1
 *(.rela.got1)

.rela.got2
 *(.rela.got2)

.rel.sdata
 *(.rel.sdata .rel.sdata.* .rel.gnu.linkonce.s.*)

.rela.sdata
 *(.rela.sdata .rela.sdata.* .rela.gnu.linkonce.s.*)

.rel.sbss
 *(.rel.sbss .rel.sbss.* .rel.gnu.linkonce.sb.*)

.rela.sbss
 *(.rela.sbss .rela.sbss.* .rel.gnu.linkonce.sb.*)

.rel.sdata2
 *(.rel.sdata2 .rel.sdata2.* .rel.gnu.linkonce.s2.*)

.rela.sdata2
 *(.rela.sdata2 .rela.sdata2.* .rela.gnu.linkonce.s2.*)

.rel.sbss2
 *(.rel.sbss2 .rel.sbss2.* .rel.gnu.linkonce.sb2.*)

.rela.sbss2
 *(.rela.sbss2 .rela.sbss2.* .rela.gnu.linkonce.sb2.*)

.rel.bss
 *(.rel.bss .rel.bss.* .rel.gnu.linkonce.b.*)

.rela.bss
 *(.rela.bss .rela.bss.* .rela.gnu.linkonce.b.*)

.rel.plt
 *(.rel.plt)

.rela.plt
 *(.rela.plt)

.text           0x800041a0    0x3fda0
 *(.text)
 .text          0x800041a0      0x44c C:\devkitPro/libogc/lib/wii\libogc.a(lwp_handler.o)
                0x800041a0                _cpu_context_save_fp
                0x800042e0                _cpu_context_restore_fp
                0x80004420                _cpu_context_switch
                0x80004500                _cpu_context_save
                0x80004580                _cpu_context_restore
 .text          0x800045ec      0x4a0 C:\devkitPro/libogc/lib/wii\libogc.a(system_asm.o)
                0x800045ec                __realmode
                0x80004604                __configBATS
                0x80004734                __InitFPRS
                0x80004860                __InitPS
                0x800048bc                __InitCache
                0x80004914                __InitSystem
                0x8000499c                __flush_cache
                0x800049d0                __reset
                0x80004a40                __InitBATS
                0x80004a5c                SYS_SwitchFiber
 .text          0x80004a8c      0x8dc C:\devkitPro/libogc/lib/wii\libogc.a(gu_psasm.o)
                0x80004a8c                ps_guMtxConcat
                0x80004b50                ps_guMtxIdentity
                0x80004b7c                ps_guMtxCopy
                0x80004bb0                ps_guMtxTranspose
                0x80004c00                ps_guMtxInverse
                0x80004cf8                ps_guMtxInvXpose
                0x80004dc0                ps_guMtxScale
                0x80004de8                ps_guMtxScaleApply
                0x80004e40                ps_guMtxApplyScale
                0x80004ea4                ps_guMtxTrans
                0x80004ed8                ps_guMtxTransApply
                0x80004f24                ps_guMtxApplyTrans
                0x80004fa0                ps_guMtxRotTrig
                0x80005050                __ps_guMtxRotAxisRadInternal
                0x80005110                ps_guMtxReflect
                0x80005180                ps_guVecAdd
                0x800051a4                ps_guVecSub
                0x800051c8                ps_guVecScale
                0x800051e4                ps_guVecNormalize
                0x80005228                ps_guVecCross
                0x80005264                ps_guVecDotProduct
                0x80005284                ps_guVecMultiply
                0x800052d8                ps_guVecMultiplySR
                0x80005348                ps_guQuatDotProduct
 .text          0x80005368      0x1ac C:\devkitPro/libogc/lib/wii\libogc.a(irq_handler.o)
                0x80005368                irq_exceptionhandler
 .text          0x80005514      0x118 C:\devkitPro/libogc/lib/wii\libogc.a(video_asm.o)
                0x80005514                __VIClearFramebuffer
 .text          0x8000562c      0x4f4 C:\devkitPro/libogc/lib/wii\libogc.a(cache_asm.o)
                0x8000562c                DCFlashInvalidate
                0x80005640                DCEnable
                0x80005654                DCDisable
                0x80005668                DCFreeze
                0x8000567c                DCUnfreeze
                0x80005690                DCTouchLoad
                0x80005698                DCBlockZero
                0x800056a0                DCBlockStore
                0x800056a8                DCBlockFlush
                0x800056b0                DCBlockInvalidate
                0x800056b8                DCInvalidateRange
                0x800056e8                DCFlushRange
                0x8000571c                DCStoreRange
                0x80005750                DCFlushRangeNoSync
                0x80005780                DCStoreRangeNoSync
                0x800057b0                DCZeroRange
                0x800057e0                DCTouchRange
                0x80005810                ICInvalidateRange
                0x80005848                ICFlashInvalidate
                0x8000585c                ICEnable
                0x80005870                ICDisable
                0x80005884                ICFreeze
                0x80005898                ICUnfreeze
                0x800058ac                ICBlockInvalidate
                0x800058b4                ICSync
                0x800058bc                L2Init
                0x80005904                L2Enable
                0x80005920                L2Disable
                0x80005938                L2GlobalInvalidate
                0x80005990                __LCEnable
                0x80005a5c                LCDisable
                0x80005a84                LCAllocOneTag
                0x80005a98                LCAllocTags
                0x80005ad8                LCLoadBlocks
                0x80005afc                LCStoreBlocks
 .text          0x80005b20      0x1ac C:\devkitPro/libogc/lib/wii\libogc.a(decrementer_handler.o)
                0x80005b20                dec_exceptionhandler
 .text          0x80005ccc      0x35c C:\devkitPro/libogc/lib/wii\libogc.a(exception_handler.o)
                0x80005ccc                exceptionhandler_start
                0x80005d48                exceptionhandler_patch
                0x80005d7c                exceptionhandler_end
                0x80005d80                default_exceptionhandler
                0x80005eb0                fpu_exceptionhandler
                0x80005ff8                systemcallhandler_start
                0x80006024                systemcallhandler_end
 .text          0x80006028       0x48 C:/devkitPro/devkitPPC/bin/../lib/gcc/powerpc-eabi/15.1.0\libgcc.a(eabi.o)
                0x80006028                __eabi
 .text          0x80006070       0x58 C:/devkitPro/devkitPPC/bin/../lib/gcc/powerpc-eabi/15.1.0\libgcc.a(crtresxgpr.o)
                0x80006070                _restgpr_14_x
                0x80006074                _restgpr_15_x
                0x80006078                _restgpr_16_x
                0x8000607c                _restgpr_17_x
                0x80006080                _restgpr_18_x
                0x80006084                _restgpr_19_x
                0x80006088                _restgpr_20_x
                0x8000608c                _restgpr_21_x
                0x80006090                _restgpr_22_x
                0x80006094                _restgpr_23_x
                0x80006098                _restgpr_24_x
                0x8000609c                _restgpr_25_x
                0x800060a0                _restgpr_26_x
                0x800060a4                _restgpr_27_x
                0x800060a8                _restgpr_28_x
                0x800060ac                _restgpr_29_x
                0x800060b0                _restgpr_30_x
                0x800060b4                _restgpr_31_x
 *(.text.*)
 .text.__do_global_dtors_aux
                0x800060c8       0xcc C:/devkitPro/devkitPPC/bin/../lib/gcc/powerpc-eabi/15.1.0/crtbegin.o
 .text.frame_dummy
                0x80006194       0x24 C:/devkitPro/devkitPPC/bin/../lib/gcc/powerpc-eabi/15.1.0/crtbegin.o
 .text.__crtmain
                0x800061b8       0x40 C:/devkitPro/devkitPPC/bin/../lib/gcc/powerpc-eabi/15.1.0/../../../../powerpc-eabi/lib/crtmain.o
                0x800061bc                __crtmain
 .text.copy_buffers
                0x800061f8       0x64 main.o
 .text.update_screen
                0x8000625c       0xc4 main.o
                0x8000625c                update_screen
 .text.startup.main
                0x80006320      0x320 main.o
                0x80006320                main
 .text.__wpad_assign_slot
                0x80006640      0x228 C:\devkitPro/libogc/lib/wii\libwiiuse.a(wpad.o)
                0x80006640                __wpad_assign_slot
 .text.__wpad_def_powcb
                0x80006868        0x4 C:\devkitPro/libogc/lib/wii\libwiiuse.a(wpad.o)
 .text.__readlinkkey_finished
                0x8000686c       0x34 C:\devkitPro/libogc/lib/wii\libwiiuse.a(wpad.o)
 .text.__wpad_patch_finished
                0x800068a0       0x2c C:\devkitPro/libogc/lib/wii\libwiiuse.a(wpad.o)
 .text.__wpad_setfmt
                0x800068cc      0x14c C:\devkitPro/libogc/lib/wii\libwiiuse.a(wpad.o)
 .text.__wpad_eventCB
                0x80006a18      0xbf0 C:\devkitPro/libogc/lib/wii\libwiiuse.a(wpad.o)
 .text.__wpad_disconnectCB
                0x80007608       0xd4 C:\devkitPro/libogc/lib/wii\libwiiuse.a(wpad.o)
                0x80007608                __wpad_disconnectCB
 .text.__wpad_timeouthandler
                0x800076dc       0xfc C:\devkitPro/libogc/lib/wii\libwiiuse.a(wpad.o)
 .text.__initcore_finished
                0x800077d8       0x48 C:\devkitPro/libogc/lib/wii\libwiiuse.a(wpad.o)
 .text.__wpad_init_finished
                0x80007820      0x194 C:\devkitPro/libogc/lib/wii\libwiiuse.a(wpad.o)
 .text.WPAD_ReadEvent
                0x800079b4      0x670 C:\devkitPro/libogc/lib/wii\libwiiuse.a(wpad.o)
                0x800079b4                WPAD_ReadEvent
 .text.WPAD_ReadPending
                0x80008024      0x1a0 C:\devkitPro/libogc/lib/wii\libwiiuse.a(wpad.o)
                0x80008024                WPAD_ReadPending
 .text.WPAD_Shutdown
                0x800081c4      0x108 C:\devkitPro/libogc/lib/wii\libwiiuse.a(wpad.o)
                0x800081c4                WPAD_Shutdown
 .text.WPAD_Init
                0x800082cc      0x280 C:\devkitPro/libogc/lib/wii\libwiiuse.a(wpad.o)
                0x800082cc                WPAD_Init
 .text.__wpad_onreset
                0x8000854c       0x34 C:\devkitPro/libogc/lib/wii\libwiiuse.a(wpad.o)
 .text.WPAD_ScanPads
                0x80008580       0x90 C:\devkitPro/libogc/lib/wii\libwiiuse.a(wpad.o)
                0x80008580                WPAD_ScanPads
 .text.WPAD_ButtonsDown
                0x80008610       0x28 C:\devkitPro/libogc/lib/wii\libwiiuse.a(wpad.o)
                0x80008610                WPAD_ButtonsDown
 .text.motion_plus_disconnected
                0x80008638       0x10 C:\devkitPro/libogc/lib/wii\libwiiuse.a(motion_plus.o)
                0x80008638                motion_plus_disconnected
 .text.motion_plus_event
                0x80008648       0x64 C:\devkitPro/libogc/lib/wii\libwiiuse.a(motion_plus.o)
                0x80008648                motion_plus_event
 .text.calculate_gforce
                0x800086ac      0x114 C:\devkitPro/libogc/lib/wii\libwiiuse.a(dynamics.o)
                0x800086ac                calculate_gforce
 .text.calc_joystick_state
                0x800087c0      0x208 C:\devkitPro/libogc/lib/wii\libwiiuse.a(dynamics.o)
                0x800087c0                calc_joystick_state
 .text.apply_smoothing
                0x800089c8      0x110 C:\devkitPro/libogc/lib/wii\libwiiuse.a(dynamics.o)
                0x800089c8                apply_smoothing
 .text.calculate_orientation
                0x80008ad8      0x360 C:\devkitPro/libogc/lib/wii\libwiiuse.a(dynamics.o)
                0x80008ad8                calculate_orientation
 .text.calc_balanceboard_state
                0x80008e38      0x3a4 C:\devkitPro/libogc/lib/wii\libwiiuse.a(dynamics.o)
                0x80008e38                calc_balanceboard_state
 .text.wiiuse_handshake
                0x800091dc      0x24c C:\devkitPro/libogc/lib/wii\libwiiuse.a(io.o)
                0x800091dc                wiiuse_handshake
 .text.wiiuse_handshake_expansion
                0x80009428      0x214 C:\devkitPro/libogc/lib/wii\libwiiuse.a(io.o)
                0x80009428                wiiuse_handshake_expansion
 .text.wiiuse_handshake_expansion_start
                0x8000963c       0x5c C:\devkitPro/libogc/lib/wii\libwiiuse.a(io.o)
                0x8000963c                wiiuse_handshake_expansion_start
 .text.wiiuse_disable_expansion
                0x80009698      0x1b0 C:\devkitPro/libogc/lib/wii\libwiiuse.a(io.o)
                0x80009698                wiiuse_disable_expansion
 .text.__wiiuse_connected
                0x80009848       0x9c C:\devkitPro/libogc/lib/wii\libwiiuse.a(io_wii.o)
 .text.__wiiuse_disconnected
                0x800098e4       0xb4 C:\devkitPro/libogc/lib/wii\libwiiuse.a(io_wii.o)
 .text.__wiiuse_receive
                0x80009998       0xc4 C:\devkitPro/libogc/lib/wii\libwiiuse.a(io_wii.o)
 .text.__wiiuse_sensorbar_enable
                0x80009a5c       0x74 C:\devkitPro/libogc/lib/wii\libwiiuse.a(io_wii.o)
                0x80009a5c                __wiiuse_sensorbar_enable
 .text.wiiuse_register
                0x80009ad0       0xe4 C:\devkitPro/libogc/lib/wii\libwiiuse.a(io_wii.o)
                0x80009ad0                wiiuse_register
 .text.wiiuse_disconnect
                0x80009bb4       0x24 C:\devkitPro/libogc/lib/wii\libwiiuse.a(io_wii.o)
                0x80009bb4                wiiuse_disconnect
 .text.wiiuse_init_cmd_queue
                0x80009bd8       0xa4 C:\devkitPro/libogc/lib/wii\libwiiuse.a(io_wii.o)
                0x80009bd8                wiiuse_init_cmd_queue
 .text.wiiuse_io_write
                0x80009c7c       0x1c C:\devkitPro/libogc/lib/wii\libwiiuse.a(io_wii.o)
                0x80009c7c                wiiuse_io_write
 .text.rotate_dots
                0x80009c98      0x134 C:\devkitPro/libogc/lib/wii\libwiiuse.a(ir.o)
 .text.wiiuse_set_ir_mode
                0x80009dcc       0x5c C:\devkitPro/libogc/lib/wii\libwiiuse.a(ir.o)
                0x80009dcc                wiiuse_set_ir_mode
 .text.wiiuse_set_ir
                0x80009e28      0x298 C:\devkitPro/libogc/lib/wii\libwiiuse.a(ir.o)
                0x80009e28                wiiuse_set_ir
 .text.wiiuse_set_ir_position
                0x8000a0c0       0x80 C:\devkitPro/libogc/lib/wii\libwiiuse.a(ir.o)
                0x8000a0c0                wiiuse_set_ir_position
 .text.wiiuse_set_aspect_ratio
                0x8000a140       0xac C:\devkitPro/libogc/lib/wii\libwiiuse.a(ir.o)
                0x8000a140                wiiuse_set_aspect_ratio
 .text.wiiuse_set_ir_sensitivity
                0x8000a1ec      0x190 C:\devkitPro/libogc/lib/wii\libwiiuse.a(ir.o)
                0x8000a1ec                wiiuse_set_ir_sensitivity
 .text.calculate_basic_ir
                0x8000a37c       0xe8 C:\devkitPro/libogc/lib/wii\libwiiuse.a(ir.o)
                0x8000a37c                calculate_basic_ir
 .text.calculate_extended_ir
                0x8000a464       0x64 C:\devkitPro/libogc/lib/wii\libwiiuse.a(ir.o)
                0x8000a464                calculate_extended_ir
 .text.find_sensorbar
                0x8000a4c8      0xb00 C:\devkitPro/libogc/lib/wii\libwiiuse.a(ir.o)
                0x8000a4c8                find_sensorbar
 .text.apply_ir_smoothing
                0x8000afc8      0x120 C:\devkitPro/libogc/lib/wii\libwiiuse.a(ir.o)
                0x8000afc8                apply_ir_smoothing
 .text.interpret_ir_data
                0x8000b0e8      0x3d0 C:\devkitPro/libogc/lib/wii\libwiiuse.a(ir.o)
                0x8000b0e8                interpret_ir_data
 .text.nunchuk_handshake
                0x8000b4b8      0x360 C:\devkitPro/libogc/lib/wii\libwiiuse.a(nunchuk.o)
                0x8000b4b8                nunchuk_handshake
 .text.nunchuk_disconnected
                0x8000b818        0xc C:\devkitPro/libogc/lib/wii\libwiiuse.a(nunchuk.o)
                0x8000b818                nunchuk_disconnected
 .text.nunchuk_event
                0x8000b824       0xe8 C:\devkitPro/libogc/lib/wii\libwiiuse.a(nunchuk.o)
                0x8000b824                nunchuk_event
 .text.wii_board_handshake
                0x8000b90c      0x28c C:\devkitPro/libogc/lib/wii\libwiiuse.a(wiiboard.o)
                0x8000b90c                wii_board_handshake
 .text.wii_board_disconnected
                0x8000bb98        0xc C:\devkitPro/libogc/lib/wii\libwiiuse.a(wiiboard.o)
                0x8000bb98                wii_board_disconnected
 .text.wii_board_event
                0x8000bba4       0x24 C:\devkitPro/libogc/lib/wii\libwiiuse.a(wiiboard.o)
                0x8000bba4                wii_board_event
 .text.wiiuse_send_next_command
                0x8000bbc8       0x58 C:\devkitPro/libogc/lib/wii\libwiiuse.a(wiiuse.o)
                0x8000bbc8                wiiuse_send_next_command
 .text.wiiuse_init
                0x8000bc20      0x1fc C:\devkitPro/libogc/lib/wii\libwiiuse.a(wiiuse.o)
                0x8000bc20                wiiuse_init
 .text.wiiuse_set_flags
                0x8000be1c       0x28 C:\devkitPro/libogc/lib/wii\libwiiuse.a(wiiuse.o)
                0x8000be1c                wiiuse_set_flags
 .text.wiiuse_read_data
                0x8000be44      0x12c C:\devkitPro/libogc/lib/wii\libwiiuse.a(wiiuse.o)
                0x8000be44                wiiuse_read_data
 .text.wiiuse_write_data
                0x8000bf70      0x160 C:\devkitPro/libogc/lib/wii\libwiiuse.a(wiiuse.o)
                0x8000bf70                wiiuse_write_data
 .text.wiiuse_sendcmd
                0x8000c0d0      0x14c C:\devkitPro/libogc/lib/wii\libwiiuse.a(wiiuse.o)
                0x8000c0d0                wiiuse_sendcmd
 .text.wiiuse_set_leds
                0x8000c21c       0x50 C:\devkitPro/libogc/lib/wii\libwiiuse.a(wiiuse.o)
                0x8000c21c                wiiuse_set_leds
 .text.wiiuse_set_report_type
                0x8000c26c       0xb4 C:\devkitPro/libogc/lib/wii\libwiiuse.a(wiiuse.o)
                0x8000c26c                wiiuse_set_report_type
 .text.wiiuse_status
                0x8000c320       0x4c C:\devkitPro/libogc/lib/wii\libwiiuse.a(wiiuse.o)
                0x8000c320                wiiuse_status
 .text.wiiuse_motion_sensing
                0x8000c36c       0x84 C:\devkitPro/libogc/lib/wii\libwiiuse.a(wiiuse.o)
                0x8000c36c                wiiuse_motion_sensing
 .text.wiiuse_set_speaker
                0x8000c3f0      0x258 C:\devkitPro/libogc/lib/wii\libwiiuse.a(speaker.o)
                0x8000c3f0                wiiuse_set_speaker
 .text.classic_ctrl_handshake
                0x8000c648      0x460 C:\devkitPro/libogc/lib/wii\libwiiuse.a(classic.o)
                0x8000c648                classic_ctrl_handshake
 .text.classic_ctrl_disconnected
                0x8000caa8        0xc C:\devkitPro/libogc/lib/wii\libwiiuse.a(classic.o)
                0x8000caa8                classic_ctrl_disconnected
 .text.classic_ctrl_event
                0x8000cab4      0x15c C:\devkitPro/libogc/lib/wii\libwiiuse.a(classic.o)
                0x8000cab4                classic_ctrl_event
 .text.handle_expansion
                0x8000cc10       0x54 C:\devkitPro/libogc/lib/wii\libwiiuse.a(events.o)
 .text.parse_event
                0x8000cc64      0x76c C:\devkitPro/libogc/lib/wii\libwiiuse.a(events.o)
                0x8000cc64                parse_event
 .text.guitar_hero_3_handshake
                0x8000d3d0       0x5c C:\devkitPro/libogc/lib/wii\libwiiuse.a(guitar_hero_3.o)
                0x8000d3d0                guitar_hero_3_handshake
 .text.guitar_hero_3_disconnected
                0x8000d42c        0xc C:\devkitPro/libogc/lib/wii\libwiiuse.a(guitar_hero_3.o)
                0x8000d42c                guitar_hero_3_disconnected
 .text.guitar_hero_3_event
                0x8000d438       0x60 C:\devkitPro/libogc/lib/wii\libwiiuse.a(guitar_hero_3.o)
                0x8000d438                guitar_hero_3_event
 .text.acl_wlp_completed
                0x8000d498        0x8 C:\devkitPro/libogc/lib/wii\libbte.a(bte.o)
                0x8000d498                acl_wlp_completed
 .text.bt_alarmhandler
                0x8000d4a0       0x58 C:\devkitPro/libogc/lib/wii\libbte.a(bte.o)
 .text.__bte_send_pending_request
                0x8000d4f8      0x108 C:\devkitPro/libogc/lib/wii\libbte.a(bte.o)
 .text.acl_conn_complete
                0x8000d600       0x2c C:\devkitPro/libogc/lib/wii\libbte.a(bte.o)
                0x8000d600                acl_conn_complete
 .text.l2cap_accepted
                0x8000d62c      0x11c C:\devkitPro/libogc/lib/wii\libbte.a(bte.o)
                0x8000d62c                l2cap_accepted
 .text.l2cap_disconnect_cfm
                0x8000d748      0x180 C:\devkitPro/libogc/lib/wii\libbte.a(bte.o)
                0x8000d748                l2cap_disconnect_cfm
 .text.bte_process_input
                0x8000d8c8      0x120 C:\devkitPro/libogc/lib/wii\libbte.a(bte.o)
 .text.l2cap_disconnected_ind
                0x8000d9e8      0x18c C:\devkitPro/libogc/lib/wii\libbte.a(bte.o)
                0x8000d9e8                l2cap_disconnected_ind
 .text.__bte_shutdown_finished
                0x8000db74       0xe0 C:\devkitPro/libogc/lib/wii\libbte.a(bte.o)
 .text.bte_hci_apply_patch_complete
                0x8000dc54      0x168 C:\devkitPro/libogc/lib/wii\libbte.a(bte.o)
                0x8000dc54                bte_hci_apply_patch_complete
 .text.bte_hci_patch_complete
                0x8000ddbc      0x370 C:\devkitPro/libogc/lib/wii\libbte.a(bte.o)
                0x8000ddbc                bte_hci_patch_complete
 .text.bte_hci_initcore_complete
                0x8000e12c      0x254 C:\devkitPro/libogc/lib/wii\libbte.a(bte.o)
                0x8000e12c                bte_hci_initcore_complete
 .text.bte_read_stored_link_key_complete
                0x8000e380      0x268 C:\devkitPro/libogc/lib/wii\libbte.a(bte.o)
                0x8000e380                bte_read_stored_link_key_complete
 .text.bte_hci_initcore_complete2
                0x8000e5e8      0x224 C:\devkitPro/libogc/lib/wii\libbte.a(bte.o)
 .text.bte_hci_initsub_complete
                0x8000e80c      0x274 C:\devkitPro/libogc/lib/wii\libbte.a(bte.o)
                0x8000e80c                bte_hci_initsub_complete
 .text.BTE_Init
                0x8000ea80      0x138 C:\devkitPro/libogc/lib/wii\libbte.a(bte.o)
                0x8000ea80                BTE_Init
 .text.BTE_Shutdown
                0x8000ebb8      0x100 C:\devkitPro/libogc/lib/wii\libbte.a(bte.o)
                0x8000ebb8                BTE_Shutdown
 .text.BTE_InitCore
                0x8000ecb8       0x8c C:\devkitPro/libogc/lib/wii\libbte.a(bte.o)
                0x8000ecb8                BTE_InitCore
 .text.BTE_ApplyPatch
                0x8000ed44       0xa4 C:\devkitPro/libogc/lib/wii\libbte.a(bte.o)
                0x8000ed44                BTE_ApplyPatch
 .text.BTE_InitSub
                0x8000ede8       0x90 C:\devkitPro/libogc/lib/wii\libbte.a(bte.o)
                0x8000ede8                BTE_InitSub
 .text.BTE_ReadStoredLinkKey
                0x8000ee78       0x90 C:\devkitPro/libogc/lib/wii\libbte.a(bte.o)
                0x8000ee78                BTE_ReadStoredLinkKey
 .text.BTE_SetDisconnectCallback
                0x8000ef08        0x4 C:\devkitPro/libogc/lib/wii\libbte.a(bte.o)
                0x8000ef08                BTE_SetDisconnectCallback
 .text.bte_new  0x8000ef0c       0x54 C:\devkitPro/libogc/lib/wii\libbte.a(bte.o)
                0x8000ef0c                bte_new
 .text.bte_registerdeviceasync
                0x8000ef60      0x168 C:\devkitPro/libogc/lib/wii\libbte.a(bte.o)
                0x8000ef60                bte_registerdeviceasync
 .text.bte_disconnect
                0x8000f0c8       0xd8 C:\devkitPro/libogc/lib/wii\libbte.a(bte.o)
                0x8000f0c8                bte_disconnect
 .text.bte_senddata
                0x8000f1a0      0x104 C:\devkitPro/libogc/lib/wii\libbte.a(bte.o)
                0x8000f1a0                bte_senddata
 .text.bte_arg  0x8000f2a4       0x38 C:\devkitPro/libogc/lib/wii\libbte.a(bte.o)
                0x8000f2a4                bte_arg
 .text.bte_received
                0x8000f2dc       0x38 C:\devkitPro/libogc/lib/wii\libbte.a(bte.o)
                0x8000f2dc                bte_received
 .text.bte_disconnected
                0x8000f314       0x38 C:\devkitPro/libogc/lib/wii\libbte.a(bte.o)
                0x8000f314                bte_disconnected
 .text.hci_get_link
                0x8000f34c       0x84 C:\devkitPro/libogc/lib/wii\libbte.a(hci.o)
 .text.hci_init
                0x8000f3d0       0x7c C:\devkitPro/libogc/lib/wii\libbte.a(hci.o)
                0x8000f3d0                hci_init
 .text.hci_close
                0x8000f44c      0x134 C:\devkitPro/libogc/lib/wii\libbte.a(hci.o)
                0x8000f44c                hci_close
 .text.hci_reset_all
                0x8000f580       0xa8 C:\devkitPro/libogc/lib/wii\libbte.a(hci.o)
                0x8000f580                hci_reset_all
 .text.hci_arg  0x8000f628        0xc C:\devkitPro/libogc/lib/wii\libbte.a(hci.o)
                0x8000f628                hci_arg
 .text.hci_cmd_complete
                0x8000f634        0xc C:\devkitPro/libogc/lib/wii\libbte.a(hci.o)
                0x8000f634                hci_cmd_complete
 .text.hci_connection_complete
                0x8000f640        0xc C:\devkitPro/libogc/lib/wii\libbte.a(hci.o)
                0x8000f640                hci_connection_complete
 .text.hci_wlp_complete
                0x8000f64c        0xc C:\devkitPro/libogc/lib/wii\libbte.a(hci.o)
                0x8000f64c                hci_wlp_complete
 .text.hci_reset
                0x8000f658       0xa0 C:\devkitPro/libogc/lib/wii\libbte.a(hci.o)
                0x8000f658                hci_reset
 .text.hci_read_buffer_size
                0x8000f6f8       0xa0 C:\devkitPro/libogc/lib/wii\libbte.a(hci.o)
                0x8000f6f8                hci_read_buffer_size
 .text.hci_read_bd_addr
                0x8000f798       0xa0 C:\devkitPro/libogc/lib/wii\libbte.a(hci.o)
                0x8000f798                hci_read_bd_addr
 .text.hci_read_local_version
                0x8000f838       0x9c C:\devkitPro/libogc/lib/wii\libbte.a(hci.o)
                0x8000f838                hci_read_local_version
 .text.hci_read_local_features
                0x8000f8d4       0xa0 C:\devkitPro/libogc/lib/wii\libbte.a(hci.o)
                0x8000f8d4                hci_read_local_features
 .text.hci_read_stored_link_key
                0x8000f974       0xf0 C:\devkitPro/libogc/lib/wii\libbte.a(hci.o)
                0x8000f974                hci_read_stored_link_key
 .text.hci_write_page_timeout
                0x8000fa64       0xc4 C:\devkitPro/libogc/lib/wii\libbte.a(hci.o)
                0x8000fa64                hci_write_page_timeout
 .text.hci_write_scan_enable
                0x8000fb28       0xb0 C:\devkitPro/libogc/lib/wii\libbte.a(hci.o)
                0x8000fb28                hci_write_scan_enable
 .text.hci_accecpt_conn_request
                0x8000fbd8       0xd4 C:\devkitPro/libogc/lib/wii\libbte.a(hci.o)
                0x8000fbd8                hci_accecpt_conn_request
 .text.hci_write_local_name
                0x8000fcac       0xdc C:\devkitPro/libogc/lib/wii\libbte.a(hci.o)
                0x8000fcac                hci_write_local_name
 .text.hci_write_pin_type
                0x8000fd88       0xb0 C:\devkitPro/libogc/lib/wii\libbte.a(hci.o)
                0x8000fd88                hci_write_pin_type
 .text.hci_write_inquiry_mode
                0x8000fe38       0xb0 C:\devkitPro/libogc/lib/wii\libbte.a(hci.o)
                0x8000fe38                hci_write_inquiry_mode
 .text.hci_write_page_scan_type
                0x8000fee8       0xb0 C:\devkitPro/libogc/lib/wii\libbte.a(hci.o)
                0x8000fee8                hci_write_page_scan_type
 .text.hci_write_inquiry_scan_type
                0x8000ff98       0xb0 C:\devkitPro/libogc/lib/wii\libbte.a(hci.o)
                0x8000ff98                hci_write_inquiry_scan_type
 .text.hci_vendor_specific_command
                0x80010048       0xe8 C:\devkitPro/libogc/lib/wii\libbte.a(hci.o)
                0x80010048                hci_vendor_specific_command
 .text.hci_write_link_policy_settings
                0x80010130       0xf4 C:\devkitPro/libogc/lib/wii\libbte.a(hci.o)
                0x80010130                hci_write_link_policy_settings
 .text.hci_pin_code_request_neg_reply
                0x80010224       0xc0 C:\devkitPro/libogc/lib/wii\libbte.a(hci.o)
                0x80010224                hci_pin_code_request_neg_reply
 .text.hci_link_key_req_neg_reply
                0x800102e4       0xc0 C:\devkitPro/libogc/lib/wii\libbte.a(hci.o)
                0x800102e4                hci_link_key_req_neg_reply
 .text.hci_disconnect
                0x800103a4       0xec C:\devkitPro/libogc/lib/wii\libbte.a(hci.o)
                0x800103a4                hci_disconnect
 .text.hci_write_cod
                0x80010490       0xc0 C:\devkitPro/libogc/lib/wii\libbte.a(hci.o)
                0x80010490                hci_write_cod
 .text.hci_host_buffer_size
                0x80010550      0x100 C:\devkitPro/libogc/lib/wii\libbte.a(hci.o)
                0x80010550                hci_host_buffer_size
 .text.hci_host_num_comp_packets
                0x80010650       0xfc C:\devkitPro/libogc/lib/wii\libbte.a(hci.o)
                0x80010650                hci_host_num_comp_packets
 .text.lp_pdu_maxsize
                0x8001074c        0xc C:\devkitPro/libogc/lib/wii\libbte.a(hci.o)
                0x8001074c                lp_pdu_maxsize
 .text.lp_acl_write
                0x80010758      0x154 C:\devkitPro/libogc/lib/wii\libbte.a(hci.o)
                0x80010758                lp_acl_write
 .text.lp_write_flush_timeout
                0x800108ac       0xf4 C:\devkitPro/libogc/lib/wii\libbte.a(hci.o)
                0x800108ac                lp_write_flush_timeout
 .text.hci_event_handler
                0x800109a0      0xc74 C:\devkitPro/libogc/lib/wii\libbte.a(hci.o)
                0x800109a0                hci_event_handler
 .text.hci_acldata_handler
                0x80011614      0x110 C:\devkitPro/libogc/lib/wii\libbte.a(hci.o)
                0x80011614                hci_acldata_handler
 .text.l2cap_init
                0x80011724       0x60 C:\devkitPro/libogc/lib/wii\libbte.a(l2cap.o)
                0x80011724                l2cap_init
 .text.l2cap_write
                0x80011784      0x1a0 C:\devkitPro/libogc/lib/wii\libbte.a(l2cap.o)
                0x80011784                l2cap_write
 .text.l2cap_new
                0x80011924       0x60 C:\devkitPro/libogc/lib/wii\libbte.a(l2cap.o)
                0x80011924                l2cap_new
 .text.l2cap_close
                0x80011984      0x1c0 C:\devkitPro/libogc/lib/wii\libbte.a(l2cap.o)
                0x80011984                l2cap_close
 .text.l2cap_reset_all
                0x80011b44      0x148 C:\devkitPro/libogc/lib/wii\libbte.a(l2cap.o)
                0x80011b44                l2cap_reset_all
 .text.l2cap_signal
                0x80011c8c      0x204 C:\devkitPro/libogc/lib/wii\libbte.a(l2cap.o)
                0x80011c8c                l2cap_signal
 .text.l2ca_config_req
                0x80011e90      0x13c C:\devkitPro/libogc/lib/wii\libbte.a(l2cap.o)
                0x80011e90                l2ca_config_req
 .text.l2ca_disconnect_req
                0x80011fcc       0xcc C:\devkitPro/libogc/lib/wii\libbte.a(l2cap.o)
                0x80011fcc                l2ca_disconnect_req
 .text.l2cap_tmr
                0x80012098      0x260 C:\devkitPro/libogc/lib/wii\libbte.a(l2cap.o)
                0x80012098                l2cap_tmr
 .text.l2cap_process_sig
                0x800122f8     0x1318 C:\devkitPro/libogc/lib/wii\libbte.a(l2cap.o)
                0x800122f8                l2cap_process_sig
 .text.l2cap_input
                0x80013610      0x5b8 C:\devkitPro/libogc/lib/wii\libbte.a(l2cap.o)
                0x80013610                l2cap_input
 .text.l2ca_datawrite
                0x80013bc8      0x128 C:\devkitPro/libogc/lib/wii\libbte.a(l2cap.o)
                0x80013bc8                l2ca_datawrite
 .text.lp_connect_cfm
                0x80013cf0      0x17c C:\devkitPro/libogc/lib/wii\libbte.a(l2cap.o)
                0x80013cf0                lp_connect_cfm
 .text.lp_connect_ind
                0x80013e6c        0x4 C:\devkitPro/libogc/lib/wii\libbte.a(l2cap.o)
                0x80013e6c                lp_connect_ind
 .text.lp_disconnect_ind
                0x80013e70      0x1b0 C:\devkitPro/libogc/lib/wii\libbte.a(l2cap.o)
                0x80013e70                lp_disconnect_ind
 .text.l2cap_disconnect_bb
                0x80014020       0x10 C:\devkitPro/libogc/lib/wii\libbte.a(l2cap.o)
                0x80014020                l2cap_disconnect_bb
 .text.l2cap_arg
                0x80014030        0x8 C:\devkitPro/libogc/lib/wii\libbte.a(l2cap.o)
                0x80014030                l2cap_arg
 .text.l2cap_connect_ind
                0x80014038      0x100 C:\devkitPro/libogc/lib/wii\libbte.a(l2cap.o)
                0x80014038                l2cap_connect_ind
 .text.l2cap_disconnect_ind
                0x80014138        0x8 C:\devkitPro/libogc/lib/wii\libbte.a(l2cap.o)
                0x80014138                l2cap_disconnect_ind
 .text.l2cap_recv
                0x80014140        0x8 C:\devkitPro/libogc/lib/wii\libbte.a(l2cap.o)
                0x80014140                l2cap_recv
 .text.btmemb_init
                0x80014148       0x24 C:\devkitPro/libogc/lib/wii\libbte.a(btmemb.o)
                0x80014148                btmemb_init
 .text.btmemb_alloc
                0x8001416c       0x98 C:\devkitPro/libogc/lib/wii\libbte.a(btmemb.o)
                0x8001416c                btmemb_alloc
 .text.btmemb_free
                0x80014204       0xe0 C:\devkitPro/libogc/lib/wii\libbte.a(btmemb.o)
                0x80014204                btmemb_free
 .text.plug_holes
                0x800142e4       0xac C:\devkitPro/libogc/lib/wii\libbte.a(btmemr.o)
 .text.btmemr_init
                0x80014390       0xa4 C:\devkitPro/libogc/lib/wii\libbte.a(btmemr.o)
                0x80014390                btmemr_init
 .text.btmemr_malloc
                0x80014434      0x180 C:\devkitPro/libogc/lib/wii\libbte.a(btmemr.o)
                0x80014434                btmemr_malloc
 .text.btmemr_free
                0x800145b4       0x98 C:\devkitPro/libogc/lib/wii\libbte.a(btmemr.o)
                0x800145b4                btmemr_free
 .text.btmemr_realloc
                0x8001464c      0x120 C:\devkitPro/libogc/lib/wii\libbte.a(btmemr.o)
                0x8001464c                btmemr_realloc
 .text.btpbuf_init
                0x8001476c       0x28 C:\devkitPro/libogc/lib/wii\libbte.a(btpbuf.o)
                0x8001476c                btpbuf_init
 .text.btpbuf_free
                0x80014794      0x104 C:\devkitPro/libogc/lib/wii\libbte.a(btpbuf.o)
                0x80014794                btpbuf_free
 .text.btpbuf_alloc
                0x80014898      0x270 C:\devkitPro/libogc/lib/wii\libbte.a(btpbuf.o)
                0x80014898                btpbuf_alloc
 .text.btpbuf_realloc
                0x80014b08      0x120 C:\devkitPro/libogc/lib/wii\libbte.a(btpbuf.o)
                0x80014b08                btpbuf_realloc
 .text.btpbuf_header
                0x80014c28       0x84 C:\devkitPro/libogc/lib/wii\libbte.a(btpbuf.o)
                0x80014c28                btpbuf_header
 .text.btpbuf_ref
                0x80014cac       0x48 C:\devkitPro/libogc/lib/wii\libbte.a(btpbuf.o)
                0x80014cac                btpbuf_ref
 .text.btpbuf_chain
                0x80014cf4       0x9c C:\devkitPro/libogc/lib/wii\libbte.a(btpbuf.o)
                0x80014cf4                btpbuf_chain
 .text.btpbuf_dechain
                0x80014d90       0x7c C:\devkitPro/libogc/lib/wii\libbte.a(btpbuf.o)
                0x80014d90                btpbuf_dechain
 .text.btpbuf_take
                0x80014e0c      0x13c C:\devkitPro/libogc/lib/wii\libbte.a(btpbuf.o)
                0x80014e0c                btpbuf_take
 .text.__usb_closeCB
                0x80014f48       0x10 C:\devkitPro/libogc/lib/wii\libbte.a(physbusif.o)
 .text.__writebulkmsgCB
                0x80014f58       0x3c C:\devkitPro/libogc/lib/wii\libbte.a(physbusif.o)
 .text.__writectrlmsgCB
                0x80014f94       0x3c C:\devkitPro/libogc/lib/wii\libbte.a(physbusif.o)
 .text.__issue_intrread.part.0
                0x80014fd0       0x80 C:\devkitPro/libogc/lib/wii\libbte.a(physbusif.o)
 .text.__readintrdataCB
                0x80015050      0x150 C:\devkitPro/libogc/lib/wii\libbte.a(physbusif.o)
 .text.__issue_bulkread.part.0
                0x800151a0       0x80 C:\devkitPro/libogc/lib/wii\libbte.a(physbusif.o)
 .text.__readbulkdataCB
                0x80015220      0x150 C:\devkitPro/libogc/lib/wii\libbte.a(physbusif.o)
 .text.physbusif_init
                0x80015370      0x1ec C:\devkitPro/libogc/lib/wii\libbte.a(physbusif.o)
                0x80015370                physbusif_init
 .text.physbusif_close
                0x8001555c       0x20 C:\devkitPro/libogc/lib/wii\libbte.a(physbusif.o)
                0x8001555c                physbusif_close
 .text.physbusif_shutdown
                0x8001557c       0x24 C:\devkitPro/libogc/lib/wii\libbte.a(physbusif.o)
                0x8001557c                physbusif_shutdown
 .text.physbusif_reset_all
                0x800155a0        0x4 C:\devkitPro/libogc/lib/wii\libbte.a(physbusif.o)
                0x800155a0                physbusif_reset_all
 .text.physbusif_output
                0x800155a4      0x1f4 C:\devkitPro/libogc/lib/wii\libbte.a(physbusif.o)
                0x800155a4                physbusif_output
 .text.__lwp_queue_initialize
                0x80015798       0x98 C:\devkitPro/libogc/lib/wii\libogc.a(lwp_queue.o)
                0x80015798                __lwp_queue_initialize
 .text.__lwp_queue_get
                0x80015830       0x74 C:\devkitPro/libogc/lib/wii\libogc.a(lwp_queue.o)
                0x80015830                __lwp_queue_get
 .text.__lwp_queue_append
                0x800158a4       0x4c C:\devkitPro/libogc/lib/wii\libogc.a(lwp_queue.o)
                0x800158a4                __lwp_queue_append
 .text.__syscall_getreent
                0x800158f0       0x24 C:\devkitPro/libogc/lib/wii\libogc.a(lwp_threads.o)
                0x800158f0                __syscall_getreent
 .text.__lwp_isr_in_progress
                0x80015914        0x8 C:\devkitPro/libogc/lib/wii\libogc.a(lwp_threads.o)
                0x80015914                __lwp_isr_in_progress
 .text.__thread_dispatch_fp
                0x8001591c       0x88 C:\devkitPro/libogc/lib/wii\libogc.a(lwp_threads.o)
                0x8001591c                __thread_dispatch_fp
 .text.__thread_dispatch
                0x800159a4       0xf4 C:\devkitPro/libogc/lib/wii\libogc.a(lwp_threads.o)
                0x800159a4                __thread_dispatch
 .text.__lwp_thread_resettimeslice
                0x80015a98       0xb4 C:\devkitPro/libogc/lib/wii\libogc.a(lwp_threads.o)
                0x80015a98                __lwp_thread_resettimeslice
 .text.__lwp_thread_tickle_timeslice
                0x80015b4c       0xc8 C:\devkitPro/libogc/lib/wii\libogc.a(lwp_threads.o)
                0x80015b4c                __lwp_thread_tickle_timeslice
 .text.__lwp_thread_setstate
                0x80015c14      0x16c C:\devkitPro/libogc/lib/wii\libogc.a(lwp_threads.o)
                0x80015c14                __lwp_thread_setstate
 .text.__lwp_thread_clearstate
                0x80015d80       0xe4 C:\devkitPro/libogc/lib/wii\libogc.a(lwp_threads.o)
                0x80015d80                __lwp_thread_clearstate
 .text.__lwp_thread_delayended
                0x80015e64       0x48 C:\devkitPro/libogc/lib/wii\libogc.a(lwp_threads.o)
                0x80015e64                __lwp_thread_delayended
 .text.__lwp_thread_suspend
                0x80015eac      0x17c C:\devkitPro/libogc/lib/wii\libogc.a(lwp_threads.o)
                0x80015eac                __lwp_thread_suspend
 .text.__lwp_thread_settransient
                0x80016028       0xb4 C:\devkitPro/libogc/lib/wii\libogc.a(lwp_threads.o)
                0x80016028                __lwp_thread_settransient
 .text.__lwp_thread_changepriority
                0x800160dc      0x1f8 C:\devkitPro/libogc/lib/wii\libogc.a(lwp_threads.o)
                0x800160dc                __lwp_thread_changepriority
 .text.__lwp_thread_resume
                0x800162d4      0x12c C:\devkitPro/libogc/lib/wii\libogc.a(lwp_threads.o)
                0x800162d4                __lwp_thread_resume
 .text.__lwp_thread_ready
                0x80016400       0xf0 C:\devkitPro/libogc/lib/wii\libogc.a(lwp_threads.o)
                0x80016400                __lwp_thread_ready
 .text.__lwp_thread_init
                0x800164f0      0x160 C:\devkitPro/libogc/lib/wii\libogc.a(lwp_threads.o)
                0x800164f0                __lwp_thread_init
 .text.__lwp_thread_close
                0x80016650      0x144 C:\devkitPro/libogc/lib/wii\libogc.a(lwp_threads.o)
                0x80016650                __lwp_thread_close
 .text.__lwp_thread_handler
                0x80016794       0xc0 C:\devkitPro/libogc/lib/wii\libogc.a(lwp_threads.o)
 .text.__lwp_thread_closeall
                0x80016854       0xb4 C:\devkitPro/libogc/lib/wii\libogc.a(lwp_threads.o)
                0x80016854                __lwp_thread_closeall
 .text.__lwp_thread_start
                0x80016908      0x13c C:\devkitPro/libogc/lib/wii\libogc.a(lwp_threads.o)
                0x80016908                __lwp_thread_start
 .text.__lwp_thread_startmultitasking
                0x80016a44       0xac C:\devkitPro/libogc/lib/wii\libogc.a(lwp_threads.o)
                0x80016a44                __lwp_thread_startmultitasking
 .text.__lwp_thread_stopmultitasking
                0x80016af0       0x58 C:\devkitPro/libogc/lib/wii\libogc.a(lwp_threads.o)
                0x80016af0                __lwp_thread_stopmultitasking
 .text.__lwp_thread_coreinit
                0x80016b48       0xc8 C:\devkitPro/libogc/lib/wii\libogc.a(lwp_threads.o)
                0x80016b48                __lwp_thread_coreinit
 .text.idle_func
                0x80016c10        0x4 C:\devkitPro/libogc/lib/wii\libogc.a(lwp.o)
 .text.__lwp_sysinit
                0x80016c14      0x114 C:\devkitPro/libogc/lib/wii\libogc.a(lwp.o)
                0x80016c14                __lwp_sysinit
 .text.LWP_SuspendThread
                0x80016d28       0xc8 C:\devkitPro/libogc/lib/wii\libogc.a(lwp.o)
                0x80016d28                LWP_SuspendThread
 .text.LWP_ResumeThread
                0x80016df0       0xcc C:\devkitPro/libogc/lib/wii\libogc.a(lwp.o)
                0x80016df0                LWP_ResumeThread
 .text.LWP_GetSelf
                0x80016ebc       0x28 C:\devkitPro/libogc/lib/wii\libogc.a(lwp.o)
                0x80016ebc                LWP_GetSelf
 .text.LWP_InitQueue
                0x80016ee4      0x148 C:\devkitPro/libogc/lib/wii\libogc.a(lwp.o)
                0x80016ee4                LWP_InitQueue
 .text.LWP_CloseQueue
                0x8001702c       0xd4 C:\devkitPro/libogc/lib/wii\libogc.a(lwp.o)
                0x8001702c                LWP_CloseQueue
 .text.LWP_ThreadSleep
                0x80017100       0xf4 C:\devkitPro/libogc/lib/wii\libogc.a(lwp.o)
                0x80017100                LWP_ThreadSleep
 .text.LWP_ThreadBroadcast
                0x800171f4       0x88 C:\devkitPro/libogc/lib/wii\libogc.a(lwp.o)
                0x800171f4                LWP_ThreadBroadcast
 .text.LWP_ThreadSignal
                0x8001727c       0x74 C:\devkitPro/libogc/lib/wii\libogc.a(lwp.o)
                0x8001727c                LWP_ThreadSignal
 .text.__lwp_stack_allocate
                0x800172f0       0x60 C:\devkitPro/libogc/lib/wii\libogc.a(lwp_stack.o)
                0x800172f0                __lwp_stack_allocate
 .text.__lwp_stack_free
                0x80017350       0x1c C:\devkitPro/libogc/lib/wii\libogc.a(lwp_stack.o)
                0x80017350                __lwp_stack_free
 .text.__lwp_wd_settimer
                0x8001736c       0xdc C:\devkitPro/libogc/lib/wii\libogc.a(lwp_watchdog.o)
 .text.__lwp_watchdog_init
                0x80017448       0x2c C:\devkitPro/libogc/lib/wii\libogc.a(lwp_watchdog.o)
                0x80017448                __lwp_watchdog_init
 .text.__lwp_wd_insert
                0x80017474      0x19c C:\devkitPro/libogc/lib/wii\libogc.a(lwp_watchdog.o)
                0x80017474                __lwp_wd_insert
 .text.__lwp_wd_remove
                0x80017610      0x134 C:\devkitPro/libogc/lib/wii\libogc.a(lwp_watchdog.o)
                0x80017610                __lwp_wd_remove
 .text.__lwp_wd_tickle
                0x80017744      0x120 C:\devkitPro/libogc/lib/wii\libogc.a(lwp_watchdog.o)
                0x80017744                __lwp_wd_tickle
 .text.__lwp_wkspace_init
                0x80017864       0xc0 C:\devkitPro/libogc/lib/wii\libogc.a(lwp_wkspace.o)
                0x80017864                __lwp_wkspace_init
 .text.__lwp_objmgr_initinfo
                0x80017924      0x1a0 C:\devkitPro/libogc/lib/wii\libogc.a(lwp_objmgr.o)
                0x80017924                __lwp_objmgr_initinfo
 .text.__lwp_objmgr_getisrdisable
                0x80017ac4       0x60 C:\devkitPro/libogc/lib/wii\libogc.a(lwp_objmgr.o)
                0x80017ac4                __lwp_objmgr_getisrdisable
 .text.__lwp_objmgr_getnoprotection
                0x80017b24       0x24 C:\devkitPro/libogc/lib/wii\libogc.a(lwp_objmgr.o)
                0x80017b24                __lwp_objmgr_getnoprotection
 .text.__lwp_objmgr_get
                0x80017b48       0x6c C:\devkitPro/libogc/lib/wii\libogc.a(lwp_objmgr.o)
                0x80017b48                __lwp_objmgr_get
 .text.__lwp_objmgr_allocate
                0x80017bb4       0x88 C:\devkitPro/libogc/lib/wii\libogc.a(lwp_objmgr.o)
                0x80017bb4                __lwp_objmgr_allocate
 .text.__lwp_objmgr_free
                0x80017c3c       0x60 C:\devkitPro/libogc/lib/wii\libogc.a(lwp_objmgr.o)
                0x80017c3c                __lwp_objmgr_free
 .text.__lwp_heap_init
                0x80017c9c       0xa4 C:\devkitPro/libogc/lib/wii\libogc.a(lwp_heap.o)
                0x80017c9c                __lwp_heap_init
 .text.__lwp_heap_allocate
                0x80017d40      0x168 C:\devkitPro/libogc/lib/wii\libogc.a(lwp_heap.o)
                0x80017d40                __lwp_heap_allocate
 .text.__lwp_heap_free
                0x80017ea8      0x188 C:\devkitPro/libogc/lib/wii\libogc.a(lwp_heap.o)
                0x80017ea8                __lwp_heap_free
 .text.__SetInterrupts
                0x80018030      0x268 C:\devkitPro/libogc/lib/wii\libogc.a(irq.o)
 .text.c_irqdispatcher
                0x80018298      0x26c C:\devkitPro/libogc/lib/wii\libogc.a(irq.o)
                0x80018298                c_irqdispatcher
 .text.__UnmaskIrq
                0x80018504       0x84 C:\devkitPro/libogc/lib/wii\libogc.a(irq.o)
                0x80018504                __UnmaskIrq
 .text.__MaskIrq
                0x80018588       0x84 C:\devkitPro/libogc/lib/wii\libogc.a(irq.o)
                0x80018588                __MaskIrq
 .text.__irq_init
                0x8001860c       0x84 C:\devkitPro/libogc/lib/wii\libogc.a(irq.o)
                0x8001860c                __irq_init
 .text.IRQ_Request
                0x80018690       0x50 C:\devkitPro/libogc/lib/wii\libogc.a(irq.o)
                0x80018690                IRQ_Request
 .text.IRQ_GetHandler
                0x800186e0       0x44 C:\devkitPro/libogc/lib/wii\libogc.a(irq.o)
                0x800186e0                IRQ_GetHandler
 .text.IRQ_Disable
                0x80018724       0x1c C:\devkitPro/libogc/lib/wii\libogc.a(irq.o)
                0x80018724                IRQ_Disable
 .text.IRQ_Restore
                0x80018740       0x1c C:\devkitPro/libogc/lib/wii\libogc.a(irq.o)
                0x80018740                IRQ_Restore
 .text.__VISendI2CData.constprop.0.isra.0
                0x8001875c      0x418 C:\devkitPro/libogc/lib/wii\libogc.a(video.o)
 .text.__setFbbRegs.constprop.0
                0x80018b74      0x190 C:\devkitPro/libogc/lib/wii\libogc.a(video.o)
 .text.__VISetGamma
                0x80018d04       0x58 C:\devkitPro/libogc/lib/wii\libogc.a(video.o)
 .text.__VISetOutputMode
                0x80018d5c      0x134 C:\devkitPro/libogc/lib/wii\libogc.a(video.o)
 .text.__VISetMacroVision
                0x80018e90       0xb4 C:\devkitPro/libogc/lib/wii\libogc.a(video.o)
 .text.VIDEO_WaitVSync
                0x80018f44       0x74 C:\devkitPro/libogc/lib/wii\libogc.a(video.o)
                0x80018f44                VIDEO_WaitVSync
 .text.VIDEO_SetFramebuffer
                0x80018fb8       0xd0 C:\devkitPro/libogc/lib/wii\libogc.a(video.o)
                0x80018fb8                VIDEO_SetFramebuffer
 .text.VIDEO_SetNextFramebuffer
                0x80019088       0x70 C:\devkitPro/libogc/lib/wii\libogc.a(video.o)
                0x80019088                VIDEO_SetNextFramebuffer
 .text.VIDEO_Flush
                0x800190f8       0xf4 C:\devkitPro/libogc/lib/wii\libogc.a(video.o)
                0x800190f8                VIDEO_Flush
 .text.VIDEO_SetBlack
                0x800191ec      0x15c C:\devkitPro/libogc/lib/wii\libogc.a(video.o)
                0x800191ec                VIDEO_SetBlack
 .text.VIDEO_GetCurrentTvMode
                0x80019348       0x78 C:\devkitPro/libogc/lib/wii\libogc.a(video.o)
                0x80019348                VIDEO_GetCurrentTvMode
 .text.__VIRetraceHandler
                0x800193c0      0x258 C:\devkitPro/libogc/lib/wii\libogc.a(video.o)
 .text.__VISetupEncoder.part.0.isra.0
                0x80019618      0x2a8 C:\devkitPro/libogc/lib/wii\libogc.a(video.o)
 .text.VIDEO_Configure
                0x800198c0      0x60c C:\devkitPro/libogc/lib/wii\libogc.a(video.o)
                0x800198c0                VIDEO_Configure
 .text.VIDEO_Init
                0x80019ecc      0x3ec C:\devkitPro/libogc/lib/wii\libogc.a(video.o)
                0x80019ecc                VIDEO_Init
 .text.VIDEO_GetPreferredMode
                0x8001a2b8      0x108 C:\devkitPro/libogc/lib/wii\libogc.a(video.o)
                0x8001a2b8                VIDEO_GetPreferredMode
 .text.VIDEO_GetCurrentLine
                0x8001a3c0       0xa0 C:\devkitPro/libogc/lib/wii\libogc.a(video.o)
                0x8001a3c0                VIDEO_GetCurrentLine
 .text.VIDEO_SetPostRetraceCallback
                0x8001a460       0x40 C:\devkitPro/libogc/lib/wii\libogc.a(video.o)
                0x8001a460                VIDEO_SetPostRetraceCallback
 .text.VIDEO_GetFrameBufferSize
                0x8001a4a0       0x34 C:\devkitPro/libogc/lib/wii\libogc.a(video.o)
                0x8001a4a0                VIDEO_GetFrameBufferSize
 .text.__call_resetfuncs
                0x8001a4d4       0xbc C:\devkitPro/libogc/lib/wii\libogc.a(system.o)
 .text.__MEMInterruptHandler
                0x8001a590       0x14 C:\devkitPro/libogc/lib/wii\libogc.a(system.o)
 .text.__RSWDefaultHandler
                0x8001a5a4        0x4 C:\devkitPro/libogc/lib/wii\libogc.a(system.o)
 .text.__POWDefaultHandler
                0x8001a5a8        0x4 C:\devkitPro/libogc/lib/wii\libogc.a(system.o)
 .text.__STMEventHandler
                0x8001a5ac       0xf4 C:\devkitPro/libogc/lib/wii\libogc.a(system.o)
 .text.__getrtc
                0x8001a6a0      0x14c C:\devkitPro/libogc/lib/wii\libogc.a(system.o)
 .text.__sram_write
                0x8001a7ec      0x144 C:\devkitPro/libogc/lib/wii\libogc.a(system.o)
 .text.__sram_writecallback
                0x8001a930       0x54 C:\devkitPro/libogc/lib/wii\libogc.a(system.o)
 .text.__mem_onreset
                0x8001a984       0x48 C:\devkitPro/libogc/lib/wii\libogc.a(system.o)
 .text.__unlocksram
                0x8001a9cc      0x130 C:\devkitPro/libogc/lib/wii\libogc.a(system.o)
 .text.__sys_alarmhandler
                0x8001aafc      0x14c C:\devkitPro/libogc/lib/wii\libogc.a(system.o)
 .text.__syscall_malloc_lock
                0x8001ac48        0x4 C:\devkitPro/libogc/lib/wii\libogc.a(system.o)
                0x8001ac48                __syscall_malloc_lock
 .text.__syscall_malloc_unlock
                0x8001ac4c        0x4 C:\devkitPro/libogc/lib/wii\libogc.a(system.o)
                0x8001ac4c                __syscall_malloc_unlock
 .text.__syscall_nanosleep
                0x8001ac50        0x4 C:\devkitPro/libogc/lib/wii\libogc.a(system.o)
                0x8001ac50                __syscall_nanosleep
 .text.__SYS_GetRTC
                0x8001ac54       0x98 C:\devkitPro/libogc/lib/wii\libogc.a(system.o)
                0x8001ac54                __SYS_GetRTC
 .text.__SYS_SetBootTime
                0x8001acec       0xf4 C:\devkitPro/libogc/lib/wii\libogc.a(system.o)
                0x8001acec                __SYS_SetBootTime
 .text.__SYS_GetIPCBufferLo
                0x8001ade0        0x8 C:\devkitPro/libogc/lib/wii\libogc.a(system.o)
                0x8001ade0                __SYS_GetIPCBufferLo
 .text.__SYS_GetIPCBufferHi
                0x8001ade8        0x8 C:\devkitPro/libogc/lib/wii\libogc.a(system.o)
                0x8001ade8                __SYS_GetIPCBufferHi
 .text.__SYS_DoPowerCB
                0x8001adf0       0x74 C:\devkitPro/libogc/lib/wii\libogc.a(system.o)
                0x8001adf0                __SYS_DoPowerCB
 .text.__SYS_PreInit
                0x8001ae64        0x4 C:\devkitPro/libogc/lib/wii\libogc.a(system.o)
                0x8001ae64                __SYS_PreInit
 .text.SYS_PreMain
                0x8001ae68       0x7c C:\devkitPro/libogc/lib/wii\libogc.a(system.o)
                0x8001ae68                SYS_PreMain
 .text.SYS_ResetButtonDown
                0x8001aee4       0x18 C:\devkitPro/libogc/lib/wii\libogc.a(system.o)
                0x8001aee4                SYS_ResetButtonDown
 .text.SYS_ResetSystem
                0x8001aefc      0x1f8 C:\devkitPro/libogc/lib/wii\libogc.a(system.o)
                0x8001aefc                SYS_ResetSystem
 .text.__reload
                0x8001b0f4       0x7c C:\devkitPro/libogc/lib/wii\libogc.a(system.o)
                0x8001b0f4                __reload
 .text.__syscall_exit
                0x8001b170       0x84 C:\devkitPro/libogc/lib/wii\libogc.a(system.o)
                0x8001b170                __syscall_exit
 .text.SYS_RegisterResetFunc
                0x8001b1f4       0x78 C:\devkitPro/libogc/lib/wii\libogc.a(system.o)
                0x8001b1f4                SYS_RegisterResetFunc
 .text.SYS_SetArena1Lo
                0x8001b26c       0x38 C:\devkitPro/libogc/lib/wii\libogc.a(system.o)
                0x8001b26c                SYS_SetArena1Lo
 .text.SYS_GetArena1Lo
                0x8001b2a4       0x38 C:\devkitPro/libogc/lib/wii\libogc.a(system.o)
                0x8001b2a4                SYS_GetArena1Lo
 .text.SYS_GetArena1Hi
                0x8001b2dc       0x38 C:\devkitPro/libogc/lib/wii\libogc.a(system.o)
                0x8001b2dc                SYS_GetArena1Hi
 .text.SYS_SetArena2Lo
                0x8001b314       0x38 C:\devkitPro/libogc/lib/wii\libogc.a(system.o)
                0x8001b314                SYS_SetArena2Lo
 .text.SYS_GetArena2Lo
                0x8001b34c       0x38 C:\devkitPro/libogc/lib/wii\libogc.a(system.o)
                0x8001b34c                SYS_GetArena2Lo
 .text.SYS_SetArena2Hi
                0x8001b384       0x38 C:\devkitPro/libogc/lib/wii\libogc.a(system.o)
                0x8001b384                SYS_SetArena2Hi
 .text.SYS_GetArena2Hi
                0x8001b3bc       0x38 C:\devkitPro/libogc/lib/wii\libogc.a(system.o)
                0x8001b3bc                SYS_GetArena2Hi
 .text.SYS_AllocateFramebuffer
                0x8001b3f4       0x28 C:\devkitPro/libogc/lib/wii\libogc.a(system.o)
                0x8001b3f4                SYS_AllocateFramebuffer
 .text.SYS_CreateAlarm
                0x8001b41c      0x104 C:\devkitPro/libogc/lib/wii\libogc.a(system.o)
                0x8001b41c                SYS_CreateAlarm
 .text.SYS_SetAlarm
                0x8001b520      0x1e0 C:\devkitPro/libogc/lib/wii\libogc.a(system.o)
                0x8001b520                SYS_SetAlarm
 .text.SYS_SetPeriodicAlarm
                0x8001b700      0x258 C:\devkitPro/libogc/lib/wii\libogc.a(system.o)
                0x8001b700                SYS_SetPeriodicAlarm
 .text.SYS_RemoveAlarm
                0x8001b958      0x10c C:\devkitPro/libogc/lib/wii\libogc.a(system.o)
                0x8001b958                SYS_RemoveAlarm
 .text.SYS_CancelAlarm
                0x8001ba64       0xbc C:\devkitPro/libogc/lib/wii\libogc.a(system.o)
                0x8001ba64                SYS_CancelAlarm
 .text.SYS_GetWirelessID
                0x8001bb20       0x90 C:\devkitPro/libogc/lib/wii\libogc.a(system.o)
                0x8001bb20                SYS_GetWirelessID
 .text.SYS_SetWirelessID
                0x8001bbb0       0x90 C:\devkitPro/libogc/lib/wii\libogc.a(system.o)
                0x8001bbb0                SYS_SetWirelessID
 .text.SYS_SetGBSMode
                0x8001bc40       0xa8 C:\devkitPro/libogc/lib/wii\libogc.a(system.o)
                0x8001bc40                SYS_SetGBSMode
 .text.__sram_init
                0x8001bce8      0x1c4 C:\devkitPro/libogc/lib/wii\libogc.a(system.o)
                0x8001bce8                __sram_init
 .text.SYS_Init
                0x8001beac      0x5b0 C:\devkitPro/libogc/lib/wii\libogc.a(system.o)
                0x8001beac                SYS_Init
 .text.SYS_GetHollywoodRevision
                0x8001c45c       0x3c C:\devkitPro/libogc/lib/wii\libogc.a(system.o)
                0x8001c45c                SYS_GetHollywoodRevision
 .text.SYS_Time
                0x8001c498       0x78 C:\devkitPro/libogc/lib/wii\libogc.a(system.o)
                0x8001c498                SYS_Time
 .text.__lwp_cond_init
                0x8001c510       0x14 C:\devkitPro/libogc/lib/wii\libogc.a(cond.o)
                0x8001c510                __lwp_cond_init
 .text.__GX_InitRevBits
                0x8001c524       0x9c C:\devkitPro/libogc/lib/wii\libogc.a(gx.o)
 .text.__GXTokenInterruptHandler
                0x8001c5c0       0x6c C:\devkitPro/libogc/lib/wii\libogc.a(gx.o)
 .text.__GXDefTexRegionCallback
                0x8001c62c       0x7c C:\devkitPro/libogc/lib/wii\libogc.a(gx.o)
 .text.__GXDefTlutRegionCallback
                0x8001c6a8       0x18 C:\devkitPro/libogc/lib/wii\libogc.a(gx.o)
 .text.__SetSURegs
                0x8001c6c0       0x90 C:\devkitPro/libogc/lib/wii\libogc.a(gx.o)
 .text.__SETVCDATTR
                0x8001c750      0x230 C:\devkitPro/libogc/lib/wii\libogc.a(gx.o)
 .text.__SETVCDFMT
                0x8001c980      0x4cc C:\devkitPro/libogc/lib/wii\libogc.a(gx.o)
 .text.__GXCPInterruptHandler
                0x8001ce4c      0x160 C:\devkitPro/libogc/lib/wii\libogc.a(gx.o)
 .text.__GXFinishInterruptHandler
                0x8001cfac       0x58 C:\devkitPro/libogc/lib/wii\libogc.a(gx.o)
 .text.GX_SetTexCoordGen2.part.0
                0x8001d004      0x278 C:\devkitPro/libogc/lib/wii\libogc.a(gx.o)
 .text.GX_InitTexObj.part.0
                0x8001d27c      0x1c4 C:\devkitPro/libogc/lib/wii\libogc.a(gx.o)
 .text.__GX_SetDirtyState
                0x8001d440      0x61c C:\devkitPro/libogc/lib/wii\libogc.a(gx.o)
 .text.GX_SetCPUFifo
                0x8001da5c      0x20c C:\devkitPro/libogc/lib/wii\libogc.a(gx.o)
                0x8001da5c                GX_SetCPUFifo
 .text.GX_SetGPFifo
                0x8001dc68      0x250 C:\devkitPro/libogc/lib/wii\libogc.a(gx.o)
                0x8001dc68                GX_SetGPFifo
 .text.GX_Flush
                0x8001deb8       0x94 C:\devkitPro/libogc/lib/wii\libogc.a(gx.o)
                0x8001deb8                GX_Flush
 .text.GX_AbortFrame
                0x8001df4c      0x374 C:\devkitPro/libogc/lib/wii\libogc.a(gx.o)
                0x8001df4c                GX_AbortFrame
 .text.__gx_onreset
                0x8001e2c0       0x7c C:\devkitPro/libogc/lib/wii\libogc.a(gx.o)
 .text.GX_DrawDone
                0x8001e33c       0xfc C:\devkitPro/libogc/lib/wii\libogc.a(gx.o)
                0x8001e33c                GX_DrawDone
 .text.GX_SetViewport
                0x8001e438       0x78 C:\devkitPro/libogc/lib/wii\libogc.a(gx.o)
                0x8001e438                GX_SetViewport
 .text.GX_LoadProjectionMtx
                0x8001e4b0       0xf0 C:\devkitPro/libogc/lib/wii\libogc.a(gx.o)
                0x8001e4b0                GX_LoadProjectionMtx
 .text.GX_SetCopyClear
                0x8001e5a0       0x4c C:\devkitPro/libogc/lib/wii\libogc.a(gx.o)
                0x8001e5a0                GX_SetCopyClear
 .text.GX_SetDispCopyGamma
                0x8001e5ec       0x18 C:\devkitPro/libogc/lib/wii\libogc.a(gx.o)
                0x8001e5ec                GX_SetDispCopyGamma
 .text.GX_SetCopyFilter
                0x8001e604      0x25c C:\devkitPro/libogc/lib/wii\libogc.a(gx.o)
                0x8001e604                GX_SetCopyFilter
 .text.GX_SetDispCopyYScale
                0x8001e860       0xf8 C:\devkitPro/libogc/lib/wii\libogc.a(gx.o)
                0x8001e860                GX_SetDispCopyYScale
 .text.GX_SetDispCopyDst
                0x8001e958       0x20 C:\devkitPro/libogc/lib/wii\libogc.a(gx.o)
                0x8001e958                GX_SetDispCopyDst
 .text.GX_SetDispCopySrc
                0x8001e978       0x38 C:\devkitPro/libogc/lib/wii\libogc.a(gx.o)
                0x8001e978                GX_SetDispCopySrc
 .text.GX_CopyDisp
                0x8001e9b0      0x124 C:\devkitPro/libogc/lib/wii\libogc.a(gx.o)
                0x8001e9b0                GX_CopyDisp
 .text.GX_SetVtxDesc
                0x8001ead4       0x34 C:\devkitPro/libogc/lib/wii\libogc.a(gx.o)
                0x8001ead4                GX_SetVtxDesc
 .text.GX_SetVtxAttrFmt
                0x8001eb08       0x54 C:\devkitPro/libogc/lib/wii\libogc.a(gx.o)
                0x8001eb08                GX_SetVtxAttrFmt
 .text.GX_Begin
                0x8001eb5c       0x6c C:\devkitPro/libogc/lib/wii\libogc.a(gx.o)
                0x8001eb5c                GX_Begin
 .text.GX_SetTexCoordGen
                0x8001ebc8       0x14 C:\devkitPro/libogc/lib/wii\libogc.a(gx.o)
                0x8001ebc8                GX_SetTexCoordGen
 .text.GX_LoadPosMtxImm
                0x8001ebdc       0x50 C:\devkitPro/libogc/lib/wii\libogc.a(gx.o)
                0x8001ebdc                GX_LoadPosMtxImm
 .text.GX_SetNumTexGens
                0x8001ec2c       0x28 C:\devkitPro/libogc/lib/wii\libogc.a(gx.o)
                0x8001ec2c                GX_SetNumTexGens
 .text.GX_InvVtxCache
                0x8001ec54       0x14 C:\devkitPro/libogc/lib/wii\libogc.a(gx.o)
                0x8001ec54                GX_InvVtxCache
 .text.GX_SetZMode
                0x8001ec68       0x38 C:\devkitPro/libogc/lib/wii\libogc.a(gx.o)
                0x8001ec68                GX_SetZMode
 .text.GX_InitTexObj
                0x8001eca0        0xc C:\devkitPro/libogc/lib/wii\libogc.a(gx.o)
                0x8001eca0                GX_InitTexObj
 .text.GX_InitTexObjLOD
                0x8001ecac      0x238 C:\devkitPro/libogc/lib/wii\libogc.a(gx.o)
                0x8001ecac                GX_InitTexObjLOD
 .text.GX_LoadTexObjPreloaded
                0x8001eee4      0x188 C:\devkitPro/libogc/lib/wii\libogc.a(gx.o)
                0x8001eee4                GX_LoadTexObjPreloaded
 .text.GX_LoadTexObj
                0x8001f06c       0x58 C:\devkitPro/libogc/lib/wii\libogc.a(gx.o)
                0x8001f06c                GX_LoadTexObj
 .text.GX_InvalidateTexAll
                0x8001f0c4       0x50 C:\devkitPro/libogc/lib/wii\libogc.a(gx.o)
                0x8001f0c4                GX_InvalidateTexAll
 .text.GX_SetBlendMode
                0x8001f114       0xd4 C:\devkitPro/libogc/lib/wii\libogc.a(gx.o)
                0x8001f114                GX_SetBlendMode
 .text.GX_ClearVtxDesc
                0x8001f1e8       0x38 C:\devkitPro/libogc/lib/wii\libogc.a(gx.o)
                0x8001f1e8                GX_ClearVtxDesc
 .text.GX_SetTevColorIn
                0x8001f220       0x44 C:\devkitPro/libogc/lib/wii\libogc.a(gx.o)
                0x8001f220                GX_SetTevColorIn
 .text.GX_SetTevAlphaIn
                0x8001f264       0x44 C:\devkitPro/libogc/lib/wii\libogc.a(gx.o)
                0x8001f264                GX_SetTevAlphaIn
 .text.GX_SetTevColorOp
                0x8001f2a8       0x98 C:\devkitPro/libogc/lib/wii\libogc.a(gx.o)
                0x8001f2a8                GX_SetTevColorOp
 .text.GX_SetTevAlphaOp
                0x8001f340       0x98 C:\devkitPro/libogc/lib/wii\libogc.a(gx.o)
                0x8001f340                GX_SetTevAlphaOp
 .text.GX_SetTevOp
                0x8001f3d8      0x170 C:\devkitPro/libogc/lib/wii\libogc.a(gx.o)
                0x8001f3d8                GX_SetTevOp
 .text.GX_SetCullMode
                0x8001f548       0x2c C:\devkitPro/libogc/lib/wii\libogc.a(gx.o)
                0x8001f548                GX_SetCullMode
 .text.GX_SetScissor
                0x8001f574       0x78 C:\devkitPro/libogc/lib/wii\libogc.a(gx.o)
                0x8001f574                GX_SetScissor
 .text.GX_SetNumChans
                0x8001f5ec       0x28 C:\devkitPro/libogc/lib/wii\libogc.a(gx.o)
                0x8001f5ec                GX_SetNumChans
 .text.GX_SetTevOrder
                0x8001f614      0x178 C:\devkitPro/libogc/lib/wii\libogc.a(gx.o)
                0x8001f614                GX_SetTevOrder
 .text.GX_SetTevKColorSel
                0x8001f78c       0x54 C:\devkitPro/libogc/lib/wii\libogc.a(gx.o)
                0x8001f78c                GX_SetTevKColorSel
 .text.GX_SetTevKAlphaSel
                0x8001f7e0       0x54 C:\devkitPro/libogc/lib/wii\libogc.a(gx.o)
                0x8001f7e0                GX_SetTevKAlphaSel
 .text.GX_SetTevSwapModeTable
                0x8001f834       0x64 C:\devkitPro/libogc/lib/wii\libogc.a(gx.o)
                0x8001f834                GX_SetTevSwapModeTable
 .text.GX_SetFog
                0x8001f898      0x244 C:\devkitPro/libogc/lib/wii\libogc.a(gx.o)
                0x8001f898                GX_SetFog
 .text.GX_SetColorUpdate
                0x8001fadc       0x30 C:\devkitPro/libogc/lib/wii\libogc.a(gx.o)
                0x8001fadc                GX_SetColorUpdate
 .text.GX_SetPixelFmt
                0x8001fb0c       0xe0 C:\devkitPro/libogc/lib/wii\libogc.a(gx.o)
                0x8001fb0c                GX_SetPixelFmt
 .text.GX_SetFieldMode
                0x8001fbec       0x58 C:\devkitPro/libogc/lib/wii\libogc.a(gx.o)
                0x8001fbec                GX_SetFieldMode
 .text.GX_SetGPMetric
                0x8001fc44      0x7fc C:\devkitPro/libogc/lib/wii\libogc.a(gx.o)
                0x8001fc44                GX_SetGPMetric
 .text.GX_Init  0x80020440     0x1160 C:\devkitPro/libogc/lib/wii\libogc.a(gx.o)
                0x80020440                GX_Init
 .text.guOrtho  0x800215a0       0x98 C:\devkitPro/libogc/lib/wii\libogc.a(gu.o)
                0x800215a0                guOrtho
 .text.__decrementer_init
                0x80021638        0x4 C:\devkitPro/libogc/lib/wii\libogc.a(decrementer.o)
                0x80021638                __decrementer_init
 .text.c_decrementer_handler
                0x8002163c        0xc C:\devkitPro/libogc/lib/wii\libogc.a(decrementer.o)
                0x8002163c                c_decrementer_handler
 .text.__lwp_mqbox_init
                0x80021648       0x14 C:\devkitPro/libogc/lib/wii\libogc.a(message.o)
                0x80021648                __lwp_mqbox_init
 .text.__si_transfer
                0x8002165c      0x1d0 C:\devkitPro/libogc/lib/wii\libogc.a(si.o)
 .text.__si_alarmhandler
                0x8002182c       0xa0 C:\devkitPro/libogc/lib/wii\libogc.a(si.o)
 .text.__si_completetransfer
                0x800218cc      0x1fc C:\devkitPro/libogc/lib/wii\libogc.a(si.o)
 .text.__si_transfernext
                0x80021ac8       0xd8 C:\devkitPro/libogc/lib/wii\libogc.a(si.o)
 .text.SI_Busy  0x80021ba0       0x18 C:\devkitPro/libogc/lib/wii\libogc.a(si.o)
                0x80021ba0                SI_Busy
 .text.SI_IsChanBusy
                0x80021bb8       0x38 C:\devkitPro/libogc/lib/wii\libogc.a(si.o)
                0x80021bb8                SI_IsChanBusy
 .text.SI_SetXY
                0x80021bf0       0x64 C:\devkitPro/libogc/lib/wii\libogc.a(si.o)
                0x80021bf0                SI_SetXY
 .text.SI_EnablePolling
                0x80021c54       0x78 C:\devkitPro/libogc/lib/wii\libogc.a(si.o)
                0x80021c54                SI_EnablePolling
 .text.SI_DisablePolling
                0x80021ccc       0x58 C:\devkitPro/libogc/lib/wii\libogc.a(si.o)
                0x80021ccc                SI_DisablePolling
 .text.SI_SetSamplingRate
                0x80021d24       0xd8 C:\devkitPro/libogc/lib/wii\libogc.a(si.o)
                0x80021d24                SI_SetSamplingRate
 .text.SI_RefreshSamplingRate
                0x80021dfc        0x8 C:\devkitPro/libogc/lib/wii\libogc.a(si.o)
                0x80021dfc                SI_RefreshSamplingRate
 .text.SI_GetStatus
                0x80021e04       0x78 C:\devkitPro/libogc/lib/wii\libogc.a(si.o)
                0x80021e04                SI_GetStatus
 .text.SI_GetResponseRaw
                0x80021e7c       0xe8 C:\devkitPro/libogc/lib/wii\libogc.a(si.o)
                0x80021e7c                SI_GetResponseRaw
 .text.SI_GetResponse
                0x80021f64       0xb8 C:\devkitPro/libogc/lib/wii\libogc.a(si.o)
                0x80021f64                SI_GetResponse
 .text.SI_SetCommand
                0x8002201c       0x10 C:\devkitPro/libogc/lib/wii\libogc.a(si.o)
                0x8002201c                SI_SetCommand
 .text.SI_Transfer
                0x8002202c      0x29c C:\devkitPro/libogc/lib/wii\libogc.a(si.o)
                0x8002202c                SI_Transfer
 .text.__si_gettypecallback
                0x800222c8      0x2b8 C:\devkitPro/libogc/lib/wii\libogc.a(si.o)
 .text.__si_interrupthandler
                0x80022580      0x278 C:\devkitPro/libogc/lib/wii\libogc.a(si.o)
 .text.SI_GetType
                0x800227f8      0x214 C:\devkitPro/libogc/lib/wii\libogc.a(si.o)
                0x800227f8                SI_GetType
 .text.SI_GetTypeAsync
                0x80022a0c      0x13c C:\devkitPro/libogc/lib/wii\libogc.a(si.o)
                0x80022a0c                SI_GetTypeAsync
 .text.SI_EnablePollingInterrupt
                0x80022b48       0x8c C:\devkitPro/libogc/lib/wii\libogc.a(si.o)
                0x80022b48                SI_EnablePollingInterrupt
 .text.SI_UnregisterPollingHandler
                0x80022bd4       0xf4 C:\devkitPro/libogc/lib/wii\libogc.a(si.o)
                0x80022bd4                SI_UnregisterPollingHandler
 .text.__si_init
                0x80022cc8       0xe0 C:\devkitPro/libogc/lib/wii\libogc.a(si.o)
                0x80022cc8                __si_init
 .text.TPL_GetTextureSize
                0x80022da8       0x9c C:\devkitPro/libogc/lib/wii\libogc.a(tpl.o)
 .text.TPL_OpenTPLFromMemory
                0x80022e44       0xa4 C:\devkitPro/libogc/lib/wii\libogc.a(tpl.o)
                0x80022e44                TPL_OpenTPLFromMemory
 .text.TPL_GetTexture
                0x80022ee8      0x1f8 C:\devkitPro/libogc/lib/wii\libogc.a(tpl.o)
                0x80022ee8                TPL_GetTexture
 .text.__ipc_sendrequest.part.0
                0x800230e0       0xd8 C:\devkitPro/libogc/lib/wii\libogc.a(ipc.o)
 .text.__ipc_syncrequest
                0x800231b8       0xf4 C:\devkitPro/libogc/lib/wii\libogc.a(ipc.o)
 .text.__ioctlvfmtCB
                0x800232ac      0x158 C:\devkitPro/libogc/lib/wii\libogc.a(ipc.o)
 .text.__ios_ioctlvformat_parse
                0x80023404      0x824 C:\devkitPro/libogc/lib/wii\libogc.a(ipc.o)
 .text.__ipc_asyncrequest
                0x80023c28      0x144 C:\devkitPro/libogc/lib/wii\libogc.a(ipc.o)
 .text.__ipc_interrupthandler
                0x80023d6c      0x384 C:\devkitPro/libogc/lib/wii\libogc.a(ipc.o)
 .text.iosCreateHeap
                0x800240f0      0x138 C:\devkitPro/libogc/lib/wii\libogc.a(ipc.o)
                0x800240f0                iosCreateHeap
 .text.iosAlloc
                0x80024228       0x30 C:\devkitPro/libogc/lib/wii\libogc.a(ipc.o)
                0x80024228                iosAlloc
 .text.iosFree  0x80024258       0x28 C:\devkitPro/libogc/lib/wii\libogc.a(ipc.o)
                0x80024258                iosFree
 .text.__IPC_ClntInit
                0x80024280       0xc4 C:\devkitPro/libogc/lib/wii\libogc.a(ipc.o)
                0x80024280                __IPC_ClntInit
 .text.IOS_Open
                0x80024344      0x110 C:\devkitPro/libogc/lib/wii\libogc.a(ipc.o)
                0x80024344                IOS_Open
 .text.IOS_Close
                0x80024454       0xf0 C:\devkitPro/libogc/lib/wii\libogc.a(ipc.o)
                0x80024454                IOS_Close
 .text.IOS_CloseAsync
                0x80024544       0xb4 C:\devkitPro/libogc/lib/wii\libogc.a(ipc.o)
                0x80024544                IOS_CloseAsync
 .text.IOS_Read
                0x800245f8      0x10c C:\devkitPro/libogc/lib/wii\libogc.a(ipc.o)
                0x800245f8                IOS_Read
 .text.IOS_Write
                0x80024704      0x10c C:\devkitPro/libogc/lib/wii\libogc.a(ipc.o)
                0x80024704                IOS_Write
 .text.IOS_Ioctl
                0x80024810      0x158 C:\devkitPro/libogc/lib/wii\libogc.a(ipc.o)
                0x80024810                IOS_Ioctl
 .text.IOS_IoctlAsync
                0x80024968      0x148 C:\devkitPro/libogc/lib/wii\libogc.a(ipc.o)
                0x80024968                IOS_IoctlAsync
 .text.IOS_Ioctlv
                0x80024ab0      0x1f0 C:\devkitPro/libogc/lib/wii\libogc.a(ipc.o)
                0x80024ab0                IOS_Ioctlv
 .text.IOS_IoctlvAsync
                0x80024ca0      0x1d4 C:\devkitPro/libogc/lib/wii\libogc.a(ipc.o)
                0x80024ca0                IOS_IoctlvAsync
 .text.IOS_IoctlvFormat
                0x80024e74      0x170 C:\devkitPro/libogc/lib/wii\libogc.a(ipc.o)
                0x80024e74                IOS_IoctlvFormat
 .text.IOS_IoctlvReboot
                0x80024fe4      0x1f4 C:\devkitPro/libogc/lib/wii\libogc.a(ipc.o)
                0x80024fe4                IOS_IoctlvReboot
 .text.gettick  0x800251d8        0x8 C:\devkitPro/libogc/lib/wii\libogc.a(timesupp.o)
                0x800251d8                gettick
 .text.gettime  0x800251e0       0x18 C:\devkitPro/libogc/lib/wii\libogc.a(timesupp.o)
                0x800251e0                gettime
 .text.settime  0x800251f8       0x14 C:\devkitPro/libogc/lib/wii\libogc.a(timesupp.o)
                0x800251f8                settime
 .text.diff_usec
                0x8002520c       0x90 C:\devkitPro/libogc/lib/wii\libogc.a(timesupp.o)
                0x8002520c                diff_usec
 .text.__timesystem_init
                0x8002529c       0x1c C:\devkitPro/libogc/lib/wii\libogc.a(timesupp.o)
                0x8002529c                __timesystem_init
 .text.udelay   0x800252b8       0xb0 C:\devkitPro/libogc/lib/wii\libogc.a(timesupp.o)
                0x800252b8                udelay
 .text.__libogc_nanosleep
                0x80025368      0x144 C:\devkitPro/libogc/lib/wii\libogc.a(timesupp.o)
                0x80025368                __libogc_nanosleep
 .text.__syscall_lock_init
                0x800254ac       0x6c C:\devkitPro/libogc/lib/wii\libogc.a(lock_supp.o)
                0x800254ac                __syscall_lock_init
 .text.__syscall_lock_init_recursive
                0x80025518       0x6c C:\devkitPro/libogc/lib/wii\libogc.a(lock_supp.o)
                0x80025518                __syscall_lock_init_recursive
 .text.__syscall_lock_close
                0x80025584       0x48 C:\devkitPro/libogc/lib/wii\libogc.a(lock_supp.o)
                0x80025584                __syscall_lock_close
 .text.__syscall_lock_acquire
                0x800255cc       0x18 C:\devkitPro/libogc/lib/wii\libogc.a(lock_supp.o)
                0x800255cc                __syscall_lock_acquire
 .text.__syscall_lock_release
                0x800255e4       0x18 C:\devkitPro/libogc/lib/wii\libogc.a(lock_supp.o)
                0x800255e4                __syscall_lock_release
 .text._sbrk_r  0x800255fc      0x28c C:\devkitPro/libogc/lib/wii\libogc.a(sbrk.o)
                0x800255fc                _sbrk_r
 .text.__memlock_init
                0x80025888       0x7c C:\devkitPro/libogc/lib/wii\libogc.a(malloc_lock.o)
                0x80025888                __memlock_init
 .text.__libogc_malloc_lock
                0x80025904      0x1fc C:\devkitPro/libogc/lib/wii\libogc.a(malloc_lock.o)
                0x80025904                __libogc_malloc_lock
 .text.__libogc_malloc_unlock
                0x80025b00       0x64 C:\devkitPro/libogc/lib/wii\libogc.a(malloc_lock.o)
                0x80025b00                __libogc_malloc_unlock
 .text.__STM_SetEventHook
                0x80025b64       0xb0 C:\devkitPro/libogc/lib/wii\libogc.a(stm.o)
                0x80025b64                __STM_SetEventHook
 .text.__STM_Init
                0x80025c14       0x8c C:\devkitPro/libogc/lib/wii\libogc.a(stm.o)
                0x80025c14                __STM_Init
 .text.__STMEventHandler
                0x80025ca0       0x64 C:\devkitPro/libogc/lib/wii\libogc.a(stm.o)
 .text.__STM_ReleaseEventHook
                0x80025d04       0x80 C:\devkitPro/libogc/lib/wii\libogc.a(stm.o)
                0x80025d04                __STM_ReleaseEventHook
 .text.__STM_Close
                0x80025d84       0xa8 C:\devkitPro/libogc/lib/wii\libogc.a(stm.o)
                0x80025d84                __STM_Close
 .text.STM_RegisterEventHandler
                0x80025e2c       0x10 C:\devkitPro/libogc/lib/wii\libogc.a(stm.o)
                0x80025e2c                STM_RegisterEventHandler
 .text.STM_ShutdownToStandby
                0x80025e3c       0x50 C:\devkitPro/libogc/lib/wii\libogc.a(stm.o)
                0x80025e3c                STM_ShutdownToStandby
 .text.STM_ShutdownToIdle
                0x80025e8c       0x70 C:\devkitPro/libogc/lib/wii\libogc.a(stm.o)
                0x80025e8c                STM_ShutdownToIdle
 .text.STM_SetLedMode
                0x80025efc       0x40 C:\devkitPro/libogc/lib/wii\libogc.a(stm.o)
                0x80025efc                STM_SetLedMode
 .text.STM_RebootSystem
                0x80025f3c       0x50 C:\devkitPro/libogc/lib/wii\libogc.a(stm.o)
                0x80025f3c                STM_RebootSystem
 .text.__IOS_InitializeSubsystems
                0x80025f8c       0x48 C:\devkitPro/libogc/lib/wii\libogc.a(ios.o)
                0x80025f8c                __IOS_InitializeSubsystems
 .text.__IOS_ShutdownSubsystems
                0x80025fd4       0x48 C:\devkitPro/libogc/lib/wii\libogc.a(ios.o)
                0x80025fd4                __IOS_ShutdownSubsystems
 .text.__IOS_LoadStartupIOS
                0x8002601c        0x8 C:\devkitPro/libogc/lib/wii\libogc.a(ios.o)
                0x8002601c                __IOS_LoadStartupIOS
 .text._ES_fstat_r
                0x80026024      0x124 C:\devkitPro/libogc/lib/wii\libogc.a(es.o)
 .text._ES_seek_r
                0x80026148       0xe0 C:\devkitPro/libogc/lib/wii\libogc.a(es.o)
 .text._ES_close_r
                0x80026228       0xb4 C:\devkitPro/libogc/lib/wii\libogc.a(es.o)
 .text.__ES_Init
                0x800262dc       0x78 C:\devkitPro/libogc/lib/wii\libogc.a(es.o)
                0x800262dc                __ES_Init
 .text.__ES_Close
                0x80026354       0x54 C:\devkitPro/libogc/lib/wii\libogc.a(es.o)
                0x80026354                __ES_Close
 .text.ES_GetTitleID
                0x800263a8       0x94 C:\devkitPro/libogc/lib/wii\libogc.a(es.o)
                0x800263a8                ES_GetTitleID
 .text.ES_LaunchTitle
                0x8002643c       0xa4 C:\devkitPro/libogc/lib/wii\libogc.a(es.o)
                0x8002643c                ES_LaunchTitle
 .text.ES_GetNumTicketViews
                0x800264e0       0x98 C:\devkitPro/libogc/lib/wii\libogc.a(es.o)
                0x800264e0                ES_GetNumTicketViews
 .text.ES_GetTicketViews
                0x80026578       0x8c C:\devkitPro/libogc/lib/wii\libogc.a(es.o)
                0x80026578                ES_GetTicketViews
 .text.ES_GetStoredTMD
                0x80026604       0x90 C:\devkitPro/libogc/lib/wii\libogc.a(es.o)
                0x80026604                ES_GetStoredTMD
 .text._ES_decodepath
                0x80026694      0x410 C:\devkitPro/libogc/lib/wii\libogc.a(es.o)
 .text._ES_stat_r
                0x80026aa4       0xf0 C:\devkitPro/libogc/lib/wii\libogc.a(es.o)
 .text._ES_open_r
                0x80026b94      0x1cc C:\devkitPro/libogc/lib/wii\libogc.a(es.o)
 .text.ES_ReadContent
                0x80026d60       0x6c C:\devkitPro/libogc/lib/wii\libogc.a(es.o)
                0x80026d60                ES_ReadContent
 .text._ES_read_r
                0x80026dcc      0x1a4 C:\devkitPro/libogc/lib/wii\libogc.a(es.o)
 .text.__usbv5_devicechangeCB
                0x80026f70      0x180 C:\devkitPro/libogc/lib/wii\libogc.a(usb.o)
 .text.__usbv5_attachfinishCB
                0x800270f0       0xcc C:\devkitPro/libogc/lib/wii\libogc.a(usb.o)
 .text.__usbv5_messageCB
                0x800271bc       0x5c C:\devkitPro/libogc/lib/wii\libogc.a(usb.o)
 .text.__usb_control_message
                0x80027218      0x470 C:\devkitPro/libogc/lib/wii\libogc.a(usb.o)
 .text.__usb_interrupt_bulk_message
                0x80027688      0x2b4 C:\devkitPro/libogc/lib/wii\libogc.a(usb.o)
 .text.__usbv0_messageCB
                0x8002793c       0xa8 C:\devkitPro/libogc/lib/wii\libogc.a(usb.o)
 .text.USB_FreeDescriptors.part.0
                0x800279e4      0x108 C:\devkitPro/libogc/lib/wii\libogc.a(usb.o)
 .text.USB_GetDescriptors.part.0
                0x80027aec      0x69c C:\devkitPro/libogc/lib/wii\libogc.a(usb.o)
 .text.USBV5_SuspendResume
                0x80028188      0x13c C:\devkitPro/libogc/lib/wii\libogc.a(usb.o)
 .text.USBV5_GetDescriptors
                0x800282c4      0x50c C:\devkitPro/libogc/lib/wii\libogc.a(usb.o)
 .text.USB_Deinitialize
                0x800287d0       0xc8 C:\devkitPro/libogc/lib/wii\libogc.a(usb.o)
                0x800287d0                USB_Deinitialize
 .text.USB_Initialize
                0x80028898      0x31c C:\devkitPro/libogc/lib/wii\libogc.a(usb.o)
                0x80028898                USB_Initialize
 .text.USB_OpenDevice
                0x80028bb4      0x2f0 C:\devkitPro/libogc/lib/wii\libogc.a(usb.o)
                0x80028bb4                USB_OpenDevice
 .text.USBV5_CloseDevice
                0x80028ea4      0x128 C:\devkitPro/libogc/lib/wii\libogc.a(usb.o)
                0x80028ea4                USBV5_CloseDevice
 .text.USB_CloseDeviceAsync
                0x80028fcc       0xd0 C:\devkitPro/libogc/lib/wii\libogc.a(usb.o)
                0x80028fcc                USB_CloseDeviceAsync
 .text.USB_ReadIntrMsgAsync
                0x8002909c       0x28 C:\devkitPro/libogc/lib/wii\libogc.a(usb.o)
                0x8002909c                USB_ReadIntrMsgAsync
 .text.USB_ReadBlkMsgAsync
                0x800290c4       0x28 C:\devkitPro/libogc/lib/wii\libogc.a(usb.o)
                0x800290c4                USB_ReadBlkMsgAsync
 .text.USB_WriteBlkMsgAsync
                0x800290ec       0x28 C:\devkitPro/libogc/lib/wii\libogc.a(usb.o)
                0x800290ec                USB_WriteBlkMsgAsync
 .text.USB_WriteCtrlMsgAsync
                0x80029114        0x4 C:\devkitPro/libogc/lib/wii\libogc.a(usb.o)
                0x80029114                USB_WriteCtrlMsgAsync
 .text.__CheckARGV
                0x80029118       0x80 C:\devkitPro/libogc/lib/wii\libogc.a(argv.o)
                0x80029118                __CheckARGV
 .text.CONF_Init
                0x80029198      0x18c C:\devkitPro/libogc/lib/wii\libogc.a(conf.o)
                0x80029198                CONF_Init
 .text.__CONF_GetTxt
                0x80029324      0x1d0 C:\devkitPro/libogc/lib/wii\libogc.a(conf.o)
                0x80029324                __CONF_GetTxt
 .text.__CONF_Find
                0x800294f4       0xd8 C:\devkitPro/libogc/lib/wii\libogc.a(conf.o)
                0x800294f4                __CONF_Find
 .text.CONF_GetLength
                0x800295cc      0x120 C:\devkitPro/libogc/lib/wii\libogc.a(conf.o)
                0x800295cc                CONF_GetLength
 .text.CONF_Get
                0x800296ec      0x140 C:\devkitPro/libogc/lib/wii\libogc.a(conf.o)
                0x800296ec                CONF_Get
 .text.CONF_GetShutdownMode
                0x8002982c       0x54 C:\devkitPro/libogc/lib/wii\libogc.a(conf.o)
                0x8002982c                CONF_GetShutdownMode
 .text.CONF_GetIdleLedMode
                0x80029880       0x54 C:\devkitPro/libogc/lib/wii\libogc.a(conf.o)
                0x80029880                CONF_GetIdleLedMode
 .text.CONF_GetProgressiveScan
                0x800298d4       0x54 C:\devkitPro/libogc/lib/wii\libogc.a(conf.o)
                0x800298d4                CONF_GetProgressiveScan
 .text.CONF_GetEuRGB60
                0x80029928       0x54 C:\devkitPro/libogc/lib/wii\libogc.a(conf.o)
                0x80029928                CONF_GetEuRGB60
 .text.CONF_GetIRSensitivity
                0x8002997c       0x54 C:\devkitPro/libogc/lib/wii\libogc.a(conf.o)
                0x8002997c                CONF_GetIRSensitivity
 .text.CONF_GetSensorBarPosition
                0x800299d0       0x54 C:\devkitPro/libogc/lib/wii\libogc.a(conf.o)
                0x800299d0                CONF_GetSensorBarPosition
 .text.CONF_GetCounterBias
                0x80029a24       0x4c C:\devkitPro/libogc/lib/wii\libogc.a(conf.o)
                0x80029a24                CONF_GetCounterBias
 .text.CONF_GetDisplayOffsetH
                0x80029a70       0x4c C:\devkitPro/libogc/lib/wii\libogc.a(conf.o)
                0x80029a70                CONF_GetDisplayOffsetH
 .text.CONF_GetPadDevices
                0x80029abc       0x4c C:\devkitPro/libogc/lib/wii\libogc.a(conf.o)
                0x80029abc                CONF_GetPadDevices
 .text.CONF_GetVideo
                0x80029b08       0x88 C:\devkitPro/libogc/lib/wii\libogc.a(conf.o)
                0x80029b08                CONF_GetVideo
 .text.__WII_WriteNANDBootInfo.isra.0
                0x80029b90       0xc0 C:\devkitPro/libogc/lib/wii\libogc.a(wiilaunch.o)
 .text.__WII_WriteStateFlags.isra.0
                0x80029c50       0x98 C:\devkitPro/libogc/lib/wii\libogc.a(wiilaunch.o)
 .text.WII_Initialize
                0x80029ce8      0x194 C:\devkitPro/libogc/lib/wii\libogc.a(wiilaunch.o)
                0x80029ce8                WII_Initialize
 .text.WII_LaunchTitle
                0x80029e7c      0x1c0 C:\devkitPro/libogc/lib/wii\libogc.a(wiilaunch.o)
                0x80029e7c                WII_LaunchTitle
 .text.WII_ReturnToMenu
                0x8002a03c       0x58 C:\devkitPro/libogc/lib/wii\libogc.a(wiilaunch.o)
                0x8002a03c                WII_ReturnToMenu
 .text.__lwp_priority_init
                0x8002a094       0x1c C:\devkitPro/libogc/lib/wii\libogc.a(lwp_priority.o)
                0x8002a094                __lwp_priority_init
 .text.__lwp_threadqueue_enqueuefifo
                0x8002a0b0      0x128 C:\devkitPro/libogc/lib/wii\libogc.a(lwp_threadq.o)
                0x8002a0b0                __lwp_threadqueue_enqueuefifo
 .text.__lwp_threadqueue_dequeuefifo
                0x8002a1d8      0x140 C:\devkitPro/libogc/lib/wii\libogc.a(lwp_threadq.o)
                0x8002a1d8                __lwp_threadqueue_dequeuefifo
 .text.__lwp_threadqueue_enqueuepriority
                0x8002a318      0x344 C:\devkitPro/libogc/lib/wii\libogc.a(lwp_threadq.o)
                0x8002a318                __lwp_threadqueue_enqueuepriority
 .text.__lwp_threadqueue_dequeuepriority
                0x8002a65c      0x1d8 C:\devkitPro/libogc/lib/wii\libogc.a(lwp_threadq.o)
                0x8002a65c                __lwp_threadqueue_dequeuepriority
 .text.__lwp_threadqueue_init
                0x8002a834       0x64 C:\devkitPro/libogc/lib/wii\libogc.a(lwp_threadq.o)
                0x8002a834                __lwp_threadqueue_init
 .text.__lwp_threadqueue_enqueue
                0x8002a898      0x138 C:\devkitPro/libogc/lib/wii\libogc.a(lwp_threadq.o)
                0x8002a898                __lwp_threadqueue_enqueue
 .text.__lwp_threadqueue_dequeue
                0x8002a9d0       0x24 C:\devkitPro/libogc/lib/wii\libogc.a(lwp_threadq.o)
                0x8002a9d0                __lwp_threadqueue_dequeue
 .text.__lwp_threadqueue_flush
                0x8002a9f4       0x68 C:\devkitPro/libogc/lib/wii\libogc.a(lwp_threadq.o)
                0x8002a9f4                __lwp_threadqueue_flush
 .text.__lwp_threadqueue_extractfifo
                0x8002aa5c       0xe0 C:\devkitPro/libogc/lib/wii\libogc.a(lwp_threadq.o)
                0x8002aa5c                __lwp_threadqueue_extractfifo
 .text.__lwp_threadqueue_extractpriority
                0x8002ab3c      0x140 C:\devkitPro/libogc/lib/wii\libogc.a(lwp_threadq.o)
                0x8002ab3c                __lwp_threadqueue_extractpriority
 .text.__lwp_threadqueue_timeout
                0x8002ac7c       0xd0 C:\devkitPro/libogc/lib/wii\libogc.a(lwp_threadq.o)
 .text.__lwp_threadqueue_extractproxy
                0x8002ad4c       0x64 C:\devkitPro/libogc/lib/wii\libogc.a(lwp_threadq.o)
                0x8002ad4c                __lwp_threadqueue_extractproxy